diff_blocks=1 all_blocks=1 prose_outside_chars=0
wrote /Volumes/DevMASTER/WEDNESDAY/2_Project_Files/local-model/runs/2026-09-15_ks932-ornith35b-night/out.md.checker/patch.diff lines=113
PASS A1 output is exactly one fenced ```diff block, nothing outside it
clone clean at pinned tip 48e65c43517926da6f137993053c82c83e122f5d
--- baseline at the untouched tip (whole packages/shared suite + tsc)
baseline suite rc=0 total=839 passed=839 failed=0 suites_failed=0 loaded=1 failed_names=[]
baseline tsc rc=0 (1 lines)
section 1 packages/shared/src/security/ssrf-guard.ts: hunk 1 (@@ -471,7 +471,19 @@ export async function safeOutboundRequest() declared old=7 new=19 but actual old=6 new=15
section 1 packages/shared/src/security/ssrf-guard.ts: hunk 3 (@@ -564,7 +576,7 @@ export async function safeOutboundRequest() declared old=7 new=7 but actual old=5 new=5
section 2 packages/shared/src/__tests__/ks932-timeout-bounds-dns.test.ts: hunk 1 (@@ -0,0 +1,107 @@) declared old=0 new=107 but actual old=0 new=75
sections=2 miscounted_sections=2
section 1 packages/shared/src/security/ssrf-guard.ts: path lacks Blockchain/Dev/ — applying with --directory=Blockchain/Dev
section 1 packages/shared/src/security/ssrf-guard.ts: applies ONLY with --recount --ignore-whitespace (miscounted hunks=2, strict rc=128)
section 2 packages/shared/src/__tests__/ks932-timeout-bounds-dns.test.ts: path lacks Blockchain/Dev/ — applying with --directory=Blockchain/Dev
section 2 packages/shared/src/__tests__/ks932-timeout-bounds-dns.test.ts: applies ONLY with --recount --ignore-whitespace (miscounted hunks=1, strict rc=128)
PASS A2 diff applies at the tip — with an accommodation: [packages/shared/src/security/ssrf-guard.ts: --recount --ignore-whitespace needed; miscounted hunks=2; strict rc=128] [packages/shared/src/__tests__/ks932-timeout-bounds-dns.test.ts: --recount --ignore-whitespace needed; miscounted hunks=1; strict rc=128]
touched files (2): Blockchain/Dev/packages/shared/src/__tests__/ks932-timeout-bounds-dns.test.ts Blockchain/Dev/packages/shared/src/security/ssrf-guard.ts  (+87/-3)
PASS A3 touched-file set == { Blockchain/Dev/packages/shared/src/security/ssrf-guard.ts , Blockchain/Dev/packages/shared/src/__tests__/ks932-timeout-bounds-dns.test.ts }
PASS A3b every must_change site the ticket names is changed by the product hunk (3 site(s))
test-only at tip: rc=1 total=3 passed=1 failed=2 suites_failed=2 loaded=1 failed_names=['KS-932 — timeoutMs bounds DNS resolution 🔴 KS-932 — a lookup that never calls back: the call settles within the declared bound', 'KS-932 — timeoutMs bounds DNS resolution 🔴 KS-932 — the budget is shared: a slow lookup leaves less for the request']
PASS A4 RED-FIRST: src/__tests__/ks932-timeout-bounds-dns.test.ts fails at the untouched tip (2 failed / 3 run; controls green; assertion reds)
test after product hunk: rc=0 total=3 passed=3 failed=0 suites_failed=0 loaded=1 failed_names=[]
PASS A5 GREEN-AFTER: src/__tests__/ks932-timeout-bounds-dns.test.ts passes with the product hunk (3 passed / 3 run)
INFO control cell present: 1 cell(s) passed BEFORE and 3 AFTER (the harness reaches the code both times)
after suite rc=0 total=842 passed=842 failed=0 suites_failed=0 loaded=1 failed_names=[]
baseline: total=839 failed=0 | after: total=842 failed=0
develop's own reds (attributed, not counted): []
NEW reds: []
reds fixed by the patch: []
tests added: 3
PASS A6 whole packages/shared suite: no NEW red vs the untouched tip
PASS A7 tsc --noEmit for packages/shared: rc 0 after the patch (baseline rc=0)
INFO tsc on the test file alone: rc=2 (4 lines; not gated — vitest does not type-check and the service tsconfig excludes __tests__)
SUMMARY files=2 +87/-3 test=src/__tests__/ks932-timeout-bounds-dns.test.ts red_first=yes apply_mode=lenient
RESULT: PASS (7/7)
