=== P: the predicate ===
  ok   P1 failed 0 -> the deploy step PASSES
  ok   P2 failed 2 -> the deploy step FAILS, although /health is 200 and healthy
  ok   P3 KEYED ON failed, NOT error: failed 3 with error null still FAILS (gate39 N-G39-2)
  ok   P4 field ABSENT (an older image) -> PASS-WITH-SKIP (rc 2), so a rollback is not blocked
  ok   P5 a non-JSON body -> PASS-WITH-SKIP (rc 2), named, and explicitly 'not a pass'
  ok   P6 failed present but NOT an integer -> refuses to read it as zero
  ok   P7 an EMPTY body -> PASS-WITH-SKIP (rc 2), named, never a silent pass
  ok   P8 ran:false with failed 0 -> PASS-WITH-SKIP (rc 2), NOT a clean '0 failed' tick
  ok   P8b ran:true with failed 0 is still a CLEAN PASS (rc 0) — P8 is not an unconditional skip
=== P-NOPY: python3 absent must FAIL CLOSED, and name the parser ===
  ok   P9-FIXTURE python3 is absent under the stub PATH (so the arms below are not vacuous)
  ok   P9 python3 absent + a failed-2 body -> FAILS CLOSED (rc 1), not read as 'not JSON'
  ok   P9b python3 absent + a CLEAN body ALSO fails closed: absence of a parser is not evidence
  ok   P9c CONTROL the failed-2 body with python3 present -> rc 1 naming the migrations, not the parser
  ok   P9d CONTROL the clean body with python3 present -> rc 0, so the stub PATH is what moved P9b
  ok   P9e python3 absent + an EMPTY body -> still rc 2: that branch never needed a parser
=== C: each deploy script must CALL the predicate ===
  ok   C1 deploy-all.sh calls the predicate
  ok   C2 deploy.sh calls the predicate
  ok   C3 deploy-all.sh fetches the /health BODY, not only the status code
  ok   C4 the predicate records that /health stays 200 and the DEPLOY is what fails
=== E: deploy.sh must EXIT NON-ZERO, not merely log (gate44 N-1346-1) ===
  ok   E0 the summary block is locatable by marker (1 occurrence, so the extraction is unambiguous)
  ok   E1 deploy.sh's verify summary exits non-zero when it counted issues (rc=1)
  ok   E2 CONTROL: the same block exits 0 when it counted none, so E1 is not an unconditional failure
=== R: the CALLERS must render the third state — a SKIP is neither a pass nor a failure ===
  ok   R0 deploy.sh's migration call site is locatable by marker (1 occurrence, extraction unambiguous)
  ok   R1 rc 2 counts a SKIP and NOT an error, so an ABSENT field still yields a passing deploy
  ok   R2 CONTROL rc 1 still counts an ERROR, so the third state did not weaken the real check
  ok   R3 CONTROL rc 0 counts neither, so R1 is not an unconditional skip
  ok   R4 ERRORS=0 with SKIPS=1 still PASSES the deploy step (rc 0) — the rollback rule holds
  ok   R5 ...and it does NOT print 'all checks OK', so it stops claiming a clean run
  ok   R6 ...and it NAMES the skip, so a check that stopped checking is not silent
  ok   R7 CONTROL with SKIPS=0 it still prints 'all checks OK', so R5 is not an unconditional gag
  ok   R8a deploy-all.sh's call site is locatable by marker (1 occurrence, extraction unambiguous)
  ok   R8 rc 2 increments SKIP and NEITHER PASS nor FAIL, so it is not counted as a passing check
  ok   R8b CONTROL rc 0 still increments PASS, so R8 is not an unconditional skip
  ok   R8c CONTROL rc 1 still increments FAIL, so the third state did not weaken the real check
  ok   R9 (structural) the SMOKE TEST RESULTS line reports the skip count beside pass and fail
  ok   R10 deploy-all.sh still exits non-zero on FAIL alone, so a SKIP never fails the deploy

ks1054 deploy startupMigrations: 36 passed, 0 failed

