2026-09-23 12:42:16 [spoken] Hello Kam, Friday here, up on the laptop. Brain's loaded, nothing's on fire, and the boot report's on your Friday tab.
2026-09-23 13:11:17 [spoken] All wrapped, Kam. Safe to relaunch me in the cockpit.
2026-09-23 13:13:49 [spoken] Hello again Kam, Friday here, back up inside the cockpit this time. Brain's loaded, nothing on fire, and I'm waiting on your first job for the day.
2026-09-23 14:22:15 [spoken] Friday's back in the cockpit. The folder move broke three background loops and the git push. All fixed and pushed. Starting the Spark setup now.
2026-09-23 15:15:59 [spoken] Heads up — the Datasec/HPSM-POC session just died in the cockpit.
2026-09-23 16:53:10 [spoken] Afternoon, Kam. Friday's back after a rotation. All three build seats are accepted and nothing's on fire.
2026-09-24 10:59:37 [spoken] Heads up — the Datasec/Security-Composer session just died in the cockpit.
2026-09-24 14:50:23 [spoken] Afternoon Kam. Friday's back after a rotation. Your card answers are recorded, and two new jobs are running from them.
2026-09-24 16:49:51 [spoken] That's the day wrapped, Kam. The mobile Composer is live on the demo, HPSM-POC is all merged and green, and one card is waiting for you. Good night.
2026-09-25 09:22:34 [spoken] Morning Kam, Friday here. Brain's loaded and nothing's on fire. One card's still waiting on you, and I'm lining up the two small Datasec builds you ruled on yesterday.
2026-09-25 14:34:05 [spoken] Friday's back after the rotation. The Composer history rewrite is mid-push, and I'm watching it.
2026-09-25 19:39:12 [spoken] Evening Kam. Friday's back after the rotation. The fix round is merged, the fresh user test is running on the new account, and three cards are still waiting for you. Nothing's on fire.
2026-09-26 07:28:13 [spoken] Morning Kam. I'm back up after the rotation. The seat recording your approval of the new AI templates is running, and I'll bring you the real pass rate when it's done.
2026-09-27 21:53:40 [spoken] All wrapped up for tonight, Kam. Everything's saved, and the clinic pack's ready for Tuesday. Good luck with HP.
2026-09-28 20:03:13 [spoken] Evening, Kam. Friday's up, the brain's loaded, and there's nothing on fire. The floor's empty as you left it, and I'm ready to pick up after your HP meeting tomorrow.
2026-09-29 06:53:07 [spoken] Heads up — the wednesday session just died in the cockpit.
2026-09-29 07:00:30 [spoken] Kam, my seat rotated itself. A fresh one is booting now.
2026-09-29 08:36:45 [spoken] Morning. The HP transcript only has the first three minutes, so could you download the full one from Teams for me?
2026-09-29 08:59:24 [spoken] Heads up — the Datasec/HPSM-POC session just died in the cockpit.
2026-09-29 10:06:42 [spoken] Heads up — the Datasec/Composer-A session just died in the cockpit.
2026-09-30 10:04:09 [spoken] Morning Kam. Friday's back after a rotation: the Composer end page fix is live on the demo and I've checked it myself. Nothing's on fire; the weekly allowance is at eighty-eight percent, so I'm keeping new agents to a minimum.
2026-09-30 19:35:55 [spoken] Kam, my seat rotated itself. A fresh one is booting now.
2026-09-30 19:39:24 [spoken] Evening Kam. Friday's back after a rotation. Everything from today is merged and green; one urgent little date fix is at its gate now, and I'll land it tonight.
2026-10-02 09:42:30 [spoken] Morning Kam. Friday's up, brain loaded. The old account's at ninety-seven percent, so the two queued QA gates are waiting on your fresh sign-in — steps are on the board.
2026-10-02 14:21:35 [spoken] Friday's back after the rotation. Brain loaded, the HPSM seat has its answers, and the last HPSM-POC merge is running.
2026-10-03 09:12:51 [spoken] All wrapped. The new Composer layout is live for Paul, and HPSM-POC is waiting on your two items. Good night from Friday.
2026-10-03 09:51:36 [spoken] Morning Kam, Friday's back on. One command on your tab unlocks the hosted demo, and I'll start a small Composer tidy-up at quarter past ten unless you say otherwise.
2026-10-03 12:17:16 [spoken] Afternoon Kam, I'm back. Your Security Composer feedback is first: a seat will read every item you added and sort them into fixes, while the pill and progress bars finish their checks. HPSM's pill goes live once a blocked dependency check is fixed.
2026-10-03 19:12:29 [spoken] Evening Kam. Friday's back after a rotation, brain loaded. The Composer gate is still testing, and nothing needs you right now.
2026-10-04 06:10:37 [spoken] Wrapped up, Kam. Everything's merged and tested, and the demo deploy is the first job at my next boot.
