mode: code_patch
diff_blocks=1 all_blocks=1 prose_outside_chars=0
wrote /Volumes/DevMASTER/WEDNESDAY/2_Project_Files/local-model/runs/2026-09-15_ks871-ornith35b-q8_0-night4/out.md.checker/patch.diff lines=128
PASS A1 output is exactly one fenced ```diff block, nothing outside it
clone clean at pinned tip 48e65c43517926da6f137993053c82c83e122f5d
--- baseline at the untouched tip (whole services/api-gateway suite + tsc)
baseline suite rc=0 total=355 passed=355 failed=0 suites_failed=0 loaded=1 failed_names=[]
baseline tsc rc=0 (0 lines)
section 1 services/api-gateway/src/middleware/audit.ts: hunk 1 (@@ -94,3 +94,3 @@ function deriveAction(req: Request): {) declared old=3 new=3 but actual old=5 new=5
section 1 services/api-gateway/src/middleware/audit.ts: hunk 2 (@@ -107,3 +107,3 @@ function deriveAction(req: Request): {) declared old=3 new=3 but actual old=4 new=4
section 1 services/api-gateway/src/middleware/audit.ts: hunk 3 (@@ -209,3 +209,4 @@ export function createAuditMiddleware(deps: AuditMiddlewareDeps): RequestHandler) declared old=3 new=4 but actual old=4 new=5
section 2 services/api-gateway/src/__tests__/ks871-the-audit-log-records-req-path.test.ts: hunk 1 (@@ -0,0 +1,106 @@) declared old=0 new=106 but actual old=0 new=94
sections=2 miscounted_sections=2
section 1 services/api-gateway/src/middleware/audit.ts: path lacks Blockchain/Dev/ — applying with --directory=Blockchain/Dev
section 1 services/api-gateway/src/middleware/audit.ts: applies ONLY FUZZY (-C1): Context reduced to (1/1) to apply fragment at 97
section 2 services/api-gateway/src/__tests__/ks871-the-audit-log-records-req-path.test.ts: path lacks Blockchain/Dev/ — applying with --directory=Blockchain/Dev
section 2 services/api-gateway/src/__tests__/ks871-the-audit-log-records-req-path.test.ts: applies ONLY with --recount --ignore-whitespace (miscounted hunks=1, strict rc=128)
PASS A2 diff applies at the tip — with an accommodation: [services/api-gateway/src/middleware/audit.ts: FUZZY — applies only with -C1 (one context line): Context reduced to (1/1) to apply fragment at 97 ; strict rc=128 lenient rc=1] [services/api-gateway/src/__tests__/ks871-the-audit-log-records-req-path.test.ts: --recount --ignore-whitespace needed; miscounted hunks=1; strict rc=128]
touched files (2): Blockchain/Dev/services/api-gateway/src/__tests__/ks871-the-audit-log-records-req-path.test.ts Blockchain/Dev/services/api-gateway/src/middleware/audit.ts  (+99/-4)
PASS A3 touched-file set == { Blockchain/Dev/services/api-gateway/src/middleware/audit.ts , Blockchain/Dev/services/api-gateway/src/__tests__/ks871-the-audit-log-records-req-path.test.ts }
FAIL A3b PARTIAL FIX — the product hunk leaves 1 of 4 named site(s) untouched: :95 `function deriveAction(req: Request): {`
RESULT: FAIL (1 failed) — stopped at A3b (a partial fix; the tests are not run)
