# KS-1339 verify record (2026-09-26 22:1x AEST, scratch clone sparkfeed @ 3f70224a, originate node_modules symlink-farmed)

## RED at tip: npx jest <new test> ks1293
PASS src/__tests__/ks1293-originate-suite-is-hermetic.test.ts
FAIL src/__tests__/ks1339-configpinned-names-the-offender-before-the-count.test.ts
  ● KS-1339 ks1293 CONFIGPINNED: a failure names the offending file, not only a count › RED KS-1339 A3: a scan with one offender and one base short fails FIRST on the offender list, naming the file

    expect(received).toContain(expected) // indexOf

    Expected substring: "ks1228-a-refused-request-writes-no-provenance-row.test.ts"
    Received string:    "expect(received).toBeGreaterThanOrEqual(expected)·
    Expected: >= 9
    Received:    8"

      60 |
      61 |   it('RED KS-1339 A3: a scan with one offender and one base short fails FIRST on the offender list, naming the file', () => {
    > 62 |     expect(firstFailure([OFFENDER], 8)).toContain('ks1228-a-refused-request-writes-no-provenance-row.test.ts');
         |                                         ^
      63 |   });
      64 | });
      65 |

      at Object.<anonymous> (src/__tests__/ks1339-configpinned-names-the-offender-before-the-count.test.ts:62:41)

Test Suites: 1 failed, 1 passed, 2 total
Tests:       1 failed, 13 passed, 14 total
Snapshots:   0 total
Time:        5.227 s, estimated 6 s
Ran all test suites matching /src\/__tests__\/ks1339-configpinned-names-the-offender-before-the-count.test.ts|src\/__tests__\/ks1293-originate-suite-is-hermetic.test.ts/i.
rc 1

## GREEN after golden (golden result cmp-identical to the tree run)

Test Suites: 2 passed, 2 total
Tests:       14 passed, 14 total
Snapshots:   0 total
Time:        3.205 s, estimated 5 s
Ran all test suites matching /src\/__tests__\/ks1339-configpinned-names-the-offender-before-the-count.test.ts|src\/__tests__\/ks1293-originate-suite-is-hermetic.test.ts/i.

## Whole originate suite at TIP
Test Suites: 82 passed, 82 total
Tests:       962 passed, 962 total
Snapshots:   0 total
Time:        13.076 s
Ran all test suites.

## Whole originate suite + lint + tsc on FIXED tree

Test Suites: 83 passed, 83 total
Tests:       966 passed, 966 total
Snapshots:   0 total
Time:        11.802 s
Ran all test suites.
eslint-files rc 0
✖ 22 problems (0 errors, 22 warnings)
  0 errors and 14 warnings potentially fixable with the `--fix` option.

lint rc 0
tsc rc 0

## new test typechecked alone: npx tsc --noEmit --strict --esModuleInterop --skipLibCheck --types jest,node --target es2022 --module commonjs --moduleResolution node <new test> -> rc 0

## Strict apply at tip (git archive export): git apply --check -v rc 0; patch -p1 -F0 --dry-run rc 0

## TAMPER (fixed tree, offender line moved back below the floor) — transcript
  ● KS-1339 ... › RED KS-1339 A3: a scan with one offender and one base short fails FIRST on the offender list, naming the file
Tests:       1 failed, 13 passed, 14 total
## ARM 1 (fixed tree, count floor deleted — a wrong fix)
  ● ... › control KS-1339 A0 ...   ● ... › control KS-1339 A2 ...   (ks1293 suite also failed to run)
## ARM 2 (REAL revert: ks1228's import-scope env line removed; CONFIGPINNED only)
  FIXED ordering: expect(received).toEqual(expected) // deep equality  - Array []  + Array [ ...offender naming ks1228... ]
  TIP ordering:   expect(received).toBeGreaterThanOrEqual(expected)  Expected: >= 9  Received: 8
(every mutated file restored; clone `git status --porcelain` = 0 lines afterwards)
