FAIL src/__tests__/ks1341a-webhooks-500-never-answers-err-message.test.ts
  KS-1341 part A: GET / and POST / never answer a 500 with the thrown text
    ✓ RED KS-1341 A1 GET /: the thrown message is not in the 500 body under production, development, test or unset (18 ms)
    ✓ RED KS-1341 A1 POST /: the thrown message is not in the 500 body under production, development, test or unset (11 ms)
    ✓ RED KS-1341 A2 GET /: the thrown message is logged once, server-side, with this route named
    ✓ RED KS-1341 A2 POST /: the thrown message is logged once, server-side, with this route named
    ✕ RED KS-1345 A0: a REJECTED list query reaches the catch: a constant 500, logged once, never a 200 [] (2 ms)
    ✓ control KS-1345 C: a list query that RESOLVES still answers 200 with its rows and logs nothing (1 ms)
    ✓ control KS-1341 A: a create that does NOT throw answers 201 and logs nothing (1 ms)
    ✓ control KS-1341 A: an authored 400 keeps its own text and logs nothing (1 ms)
    ✓ control KS-1341 A: the LEAK string is the thrown text and dodges every benign branch

  ● KS-1341 part A: GET / and POST / never answer a 500 with the thrown text › RED KS-1345 A0: a REJECTED list query reaches the catch: a constant 500, logged once, never a 200 []

    expect(received).toEqual(expected) // deep equality

    - Expected  - 1
    + Received  + 1

      Object {
        "leaked": false,
    -   "status": 500,
    +   "status": 200,
      }

      135 |     const res = await fetch(baseUrl + '/api/webhooks');
      136 |     const text = await res.text();
    > 137 |     expect({ status: res.status, leaked: text.includes(LEAK) }).toEqual({ status: 500, leaked: false });
          |                                                                 ^
      138 |     expect(JSON.parse(text)).toEqual(CONSTANT_BODY);
      139 |     expect(mockLoggerError.mock.calls).toEqual([['Webhook list failed (GET /api/webhooks)', { error: LEAK }]]);
      140 |   });

      at Object.<anonymous> (src/__tests__/ks1341a-webhooks-500-never-answers-err-message.test.ts:137:65)

Test Suites: 1 failed, 1 total
Tests:       1 failed, 8 passed, 9 total
Snapshots:   0 total
Time:        1.834 s, estimated 2 s
Ran all test suites matching /src\/__tests__\/ks1341a-webhooks-500-never-answers-err-message.test.ts/i.
Test results written to: ../../../../../../../../../../../../Volumes/DevMASTER/WEDNESDAY/2_Project_Files/local-model/night/briefs/KS-1345-list/precheck/out.md.checker/red_first.json
