mode: code_patch
diff_blocks=1 all_blocks=1 prose_outside_chars=0
wrote /Volumes/DevMASTER/WEDNESDAY/2_Project_Files/local-model/runs/2026-09-15_ks1018-ornith35b-q8_0-night2/out.md.checker/patch.diff lines=189
PASS A1 output is exactly one fenced ```diff block, nothing outside it
clone clean at pinned tip 48e65c43517926da6f137993053c82c83e122f5d
--- baseline at the untouched tip (whole services/auth suite + tsc)
baseline suite rc=0 total=734 passed=734 failed=0 suites_failed=0 loaded=1 failed_names=[]
baseline tsc rc=0 (0 lines)
section 1 Blockchain/Dev/services/auth/src/routes/users.ts: hunk 1 (@@ -13,7 +13,7 @@ import crypto from 'crypto';) declared old=7 new=7 but actual old=7 new=8
section 1 Blockchain/Dev/services/auth/src/routes/users.ts: hunk 2 (@@ -1180,7 +1180,10 @@ async function getVerificationRequest(id: string): Promise<VerificationRequest |) declared old=7 new=10 but actual old=8 new=11
section 1 Blockchain/Dev/services/auth/src/routes/users.ts: hunk 3 (@@ -1201,7 +1204,10 @@ async function findPendingVerificationRequest(userId: string): Promise<Verifica) declared old=7 new=10 but actual old=8 new=11
section 1 Blockchain/Dev/services/auth/src/routes/users.ts: hunk 4 (@@ -1223,7 +1229,10 @@ async function listUserVerificationRequests(userId: string): Promise<Verificati) declared old=7 new=10 but actual old=9 new=12
section 2 Blockchain/Dev/services/auth/src/__tests__/ks1018-security-correctness-three-verification-store-reads.test.ts: hunk 1 (@@ -0,0 +1,165 @@) declared old=0 new=165 but actual old=0 new=132
sections=2 miscounted_sections=2
section 1 Blockchain/Dev/services/auth/src/routes/users.ts: applies ONLY REANCHORED (hunk 1: reanchored at 16 (1 '-' / 2 '+' lines; model header -13,7 +13,7);hunk 2: '-' block occurs 3x — took the one nearest the declared start 1180;hunk 2: reanchored at 1183 (1 '-' / 4 '+' lines; model header -1180,7 +1180,10);hunk 3: '-' block occurs 3x — took the one nearest the declared start 1201;hunk 3: reanchored at 1204 (1 '-' / 4 '+' lines; model header -1201,7 +1204,10);hunk 4: '-' block occurs 3x — took the one nearest the declared start 1223;hunk 4: reanchored at 1226 (1 '-' / 4 '+' lines; model header -1223,7 +1229,10);reanchored 4/4 hunk(s);)
section 2 Blockchain/Dev/services/auth/src/__tests__/ks1018-security-correctness-three-verification-store-reads.test.ts: applies ONLY with --recount --ignore-whitespace (miscounted hunks=1, strict rc=128)
PASS A2 diff applies at the tip — with an accommodation: [Blockchain/Dev/services/auth/src/routes/users.ts: REANCHORED — the model's context lines did not match the file; every hunk rebuilt from its -/+ lines at the file's real location (hunk 1: reanchored at 16 (1 '-' / 2 '+' lines; model header -13,7 +13,7);hunk 2: '-' block occurs 3x — took the one nearest the declared start 1180;hunk 2: reanchored at 1183 (1 '-' / 4 '+' lines; model header -1180,7 +1180,10);hunk 3: '-' block occurs 3x — took the one nearest the declared start 1201;hunk 3: reanchored at 1204 (1 '-' / 4 '+' lines; model header -1201,7 +1204,10);hunk 4: '-' block occurs 3x — took the one nearest the declared start 1223;hunk 4: reanchored at 1226 (1 '-' / 4 '+' lines; model header -1223,7 +1229,10);reanchored 4/4 hunk(s);); strict rc=128 lenient rc=1 fuzzy rc=1] [Blockchain/Dev/services/auth/src/__tests__/ks1018-security-correctness-three-verification-store-reads.test.ts: --recount --ignore-whitespace needed; miscounted hunks=1; strict rc=128]
touched files (2): Blockchain/Dev/services/auth/src/__tests__/ks1018-security-correctness-three-verification-store-reads.test.ts Blockchain/Dev/services/auth/src/routes/users.ts  (+146/-4)
PASS A3 touched-file set == { Blockchain/Dev/services/auth/src/routes/users.ts , Blockchain/Dev/services/auth/src/__tests__/ks1018-security-correctness-three-verification-store-reads.test.ts }
PASS A3b every must_change site the ticket names is changed by the product hunk (4 site(s))
test-only at tip: rc=1 total=0 passed=0 failed=0 suites_failed=1 loaded=0 failed_names=["<LOAD ERROR> ks1018-security-correctness-three-verification-store-reads.test.ts: Cannot access 'SEED_USER_ID' before initialization"]
FAIL A4 RED-FIRST: the test file did not run any test at the tip (load/compile error, not a red) — JSON report written to /Volumes/DevMASTER/WEDNESDAY/2_Project_Files/local-model/runs/2026-09-15_ks1018-ornith35b-q8_0-night2/out.md.checker/red_first.json 
test after product hunk: rc=1 total=0 passed=0 failed=0 suites_failed=1 loaded=0 failed_names=["<LOAD ERROR> ks1018-security-correctness-three-verification-store-reads.test.ts: Cannot access 'SEED_USER_ID' before initialization"]
FAIL A5 GREEN-AFTER: src/__tests__/ks1018-security-correctness-three-verification-store-reads.test.ts still red (or empty) after the product hunk (rc=1, 0 failed / 0 run): ["<LOAD
INFO control cell present: NO (0 passed before, 0 after) — the task asked for one; not gated
after suite rc=1 total=734 passed=734 failed=0 suites_failed=1 loaded=1 failed_names=["<LOAD ERROR> ks1018-security-correctness-three-verification-store-reads.test.ts: Cannot access 'SEED_USER_ID' before initialization"]
baseline: total=734 failed=0 | after: total=734 failed=0
develop's own reds (attributed, not counted): []
NEW reds: [('ks1018-security-correctness-three-verification-store-reads.test.ts', '<LOAD ERROR>')]
reds fixed by the patch: []
tests added: 0
FAIL A6 whole services/auth suite: NEW red(s) vs the untouched tip (see suite_delta.out)
PASS A7 tsc --noEmit for services/auth: rc 0 after the patch (baseline rc=0)
INFO tsc on the test file alone: rc=2 (1 lines; not gated — vitest does not type-check and the service tsconfig excludes __tests__)
SUMMARY files=2 +146/-4 test=src/__tests__/ks1018-security-correctness-three-verification-store-reads.test.ts red_first=no apply_mode=lenient
RESULT: FAIL (3 failed)
