== R0 tip product + HEAD test
    ✓ RED KS-730 C1 GET /settings: the thrown message is not in the 500 body under development, demo, test or unset (28 ms)
    ✓ RED KS-730 C1 GET /document-types: the thrown message is not in the 500 body under development, demo, test or unset (3 ms)
    ✓ RED KS-730 C1 GET /workflows: the thrown message is not in the 500 body under development, demo, test or unset (4 ms)
    ✓ RED KS-730 C1 GET /organizations: the thrown message is not in the 500 body under development, demo, test or unset (3 ms)
    ✓ RED KS-730 C2 GET /settings: the thrown message is logged once, server-side, with this route named
    ✓ RED KS-730 C2 GET /document-types: the thrown message is logged once, server-side, with this route named (1 ms)
    ✓ RED KS-730 C2 GET /workflows: the thrown message is logged once, server-side, with this route named
    ✓ RED KS-730 C2 GET /organizations: the thrown message is logged once, server-side, with this route named (1 ms)
    ✓ KS-730 C3 SOURCE: all forty-six sites are routed through the helper, each with a DISTINCT context (1 ms)
    ✓ control KS-730 C0: a "does not exist" error still answers 200 and never reaches fail500 (2 ms)
    ✓ KS-730 C4 SOURCE: the four UNCONDITIONAL err.message sites are named, not silently left (1 ms)
    ✓ control KS-730 C: under production these routes already answered the constant text (1 ms)
    ✓ control KS-730 C: a route that does NOT throw answers 200 and logs nothing (1 ms)
    ✓ control KS-730 C: the LEAK string really is the thrown text, so "not leaked" is not vacuous
    ✓ RED KS-1334 A1 POST /refresh-tenants: the thrown message is not in the 500 body under production or any other NODE_ENV, and fail500 logged it (80 ms)
    ✓ RED KS-1334 A1 POST /backfill-certification-metadata: the thrown message is not in the 500 body under production or any other NODE_ENV, and fail500 logged it (3 ms)
    ✓ control KS-1334 A0 POST /refresh-tenants: a call that does not throw answers 200 and logs nothing (1 ms)
    ✓ control KS-1334 A0 POST /backfill-certification-metadata: a call that does not throw answers 200 and logs nothing
    ✓ control KS-1334 A2: KS1334_LEAK survives JSON encoding, so leaked: false above is not vacuous (1 ms)
Tests:       19 passed, 19 total
tamper dev target count 1 at line [104]
== R1 TAMPER(dev-only) + HEAD test  [expect: C1 blind = green]
    ✓ RED KS-730 C1 GET /settings: the thrown message is not in the 500 body under development, demo, test or unset (18 ms)
    ✓ RED KS-730 C1 GET /document-types: the thrown message is not in the 500 body under development, demo, test or unset (5 ms)
    ✓ RED KS-730 C1 GET /workflows: the thrown message is not in the 500 body under development, demo, test or unset (2 ms)
    ✓ RED KS-730 C1 GET /organizations: the thrown message is not in the 500 body under development, demo, test or unset (1 ms)
    ✓ RED KS-730 C2 GET /settings: the thrown message is logged once, server-side, with this route named
    ✓ RED KS-730 C2 GET /document-types: the thrown message is logged once, server-side, with this route named
    ✓ RED KS-730 C2 GET /workflows: the thrown message is logged once, server-side, with this route named (1 ms)
    ✓ RED KS-730 C2 GET /organizations: the thrown message is logged once, server-side, with this route named
    ✓ KS-730 C3 SOURCE: all forty-six sites are routed through the helper, each with a DISTINCT context (1 ms)
    ✓ control KS-730 C0: a "does not exist" error still answers 200 and never reaches fail500 (2 ms)
    ✓ KS-730 C4 SOURCE: the four UNCONDITIONAL err.message sites are named, not silently left (1 ms)
    ✓ control KS-730 C: under production these routes already answered the constant text (1 ms)
    ✓ control KS-730 C: a route that does NOT throw answers 200 and logs nothing
    ✓ control KS-730 C: the LEAK string really is the thrown text, so "not leaked" is not vacuous
    ✕ RED KS-1334 A1 POST /refresh-tenants: the thrown message is not in the 500 body under production or any other NODE_ENV, and fail500 logged it (9 ms)
    ✕ RED KS-1334 A1 POST /backfill-certification-metadata: the thrown message is not in the 500 body under production or any other NODE_ENV, and fail500 logged it (1 ms)
    ✓ control KS-1334 A0 POST /refresh-tenants: a call that does not throw answers 200 and logs nothing (1 ms)
    ✓ control KS-1334 A0 POST /backfill-certification-metadata: a call that does not throw answers 200 and logs nothing (1 ms)
    ✓ control KS-1334 A2: KS1334_LEAK survives JSON encoding, so leaked: false above is not vacuous
    - Expected  - 8
    + Received  + 1
    - Expected  - 8
    + Received  + 1
Tests:       2 failed, 17 passed, 19 total
golden apply rc=0
== R2 tip product + FIXED test  [expect: all green]
    ✓ RED KS-730 C1 GET /settings: the thrown message is not in the 500 body under development, demo, test or unset (20 ms)
    ✓ RED KS-730 C1 GET /document-types: the thrown message is not in the 500 body under development, demo, test or unset (2 ms)
    ✓ RED KS-730 C1 GET /workflows: the thrown message is not in the 500 body under development, demo, test or unset (3 ms)
    ✓ RED KS-730 C1 GET /organizations: the thrown message is not in the 500 body under development, demo, test or unset (2 ms)
    ✓ RED KS-730 C2 GET /settings: the thrown message is logged once, server-side, with this route named (1 ms)
    ✓ RED KS-730 C2 GET /document-types: the thrown message is logged once, server-side, with this route named (1 ms)
    ✓ RED KS-730 C2 GET /workflows: the thrown message is logged once, server-side, with this route named
    ✓ RED KS-730 C2 GET /organizations: the thrown message is logged once, server-side, with this route named (1 ms)
    ✓ KS-730 C3 SOURCE: all forty-six sites are routed through the helper, each with a DISTINCT context (1 ms)
    ✓ control KS-730 C0: a "does not exist" error still answers 200 and never reaches fail500 (1 ms)
    ✓ KS-730 C4 SOURCE: the four UNCONDITIONAL err.message sites are named, not silently left (1 ms)
    ✓ control KS-730 C: under production these routes already answered the constant text (2 ms)
    ✓ control KS-730 C: a route that does NOT throw answers 200 and logs nothing (1 ms)
    ✓ control KS-730 C: the LEAK string really is the thrown text, so "not leaked" is not vacuous
    ✓ RED KS-1334 A1 POST /refresh-tenants: the thrown message is not in the 500 body under production or any other NODE_ENV, and fail500 logged it (10 ms)
    ✓ RED KS-1334 A1 POST /backfill-certification-metadata: the thrown message is not in the 500 body under production or any other NODE_ENV, and fail500 logged it (3 ms)
    ✓ control KS-1334 A0 POST /refresh-tenants: a call that does not throw answers 200 and logs nothing
    ✓ control KS-1334 A0 POST /backfill-certification-metadata: a call that does not throw answers 200 and logs nothing (1 ms)
    ✓ control KS-1334 A2: KS1334_LEAK survives JSON encoding, so leaked: false above is not vacuous
Tests:       19 passed, 19 total
tamper dev target count 1 at line [104]
== R3 TAMPER(dev-only) + FIXED test  [expect: C1 x4 red + KS-1334 A1 x2 red]
    ✕ RED KS-730 C1 GET /settings: the thrown message is not in the 500 body under development, demo, test or unset (20 ms)
    ✕ RED KS-730 C1 GET /document-types: the thrown message is not in the 500 body under development, demo, test or unset (1 ms)
    ✕ RED KS-730 C1 GET /workflows: the thrown message is not in the 500 body under development, demo, test or unset (1 ms)
    ✕ RED KS-730 C1 GET /organizations: the thrown message is not in the 500 body under development, demo, test or unset (1 ms)
    ✓ RED KS-730 C2 GET /settings: the thrown message is logged once, server-side, with this route named (1 ms)
    ✓ RED KS-730 C2 GET /document-types: the thrown message is logged once, server-side, with this route named (1 ms)
    ✓ RED KS-730 C2 GET /workflows: the thrown message is logged once, server-side, with this route named (1 ms)
    ✓ RED KS-730 C2 GET /organizations: the thrown message is logged once, server-side, with this route named
    ✓ KS-730 C3 SOURCE: all forty-six sites are routed through the helper, each with a DISTINCT context (4 ms)
    ✓ control KS-730 C0: a "does not exist" error still answers 200 and never reaches fail500 (1 ms)
    ✓ KS-730 C4 SOURCE: the four UNCONDITIONAL err.message sites are named, not silently left
    ✓ control KS-730 C: under production these routes already answered the constant text (2 ms)
    ✓ control KS-730 C: a route that does NOT throw answers 200 and logs nothing
    ✓ control KS-730 C: the LEAK string really is the thrown text, so "not leaked" is not vacuous (1 ms)
    ✕ RED KS-1334 A1 POST /refresh-tenants: the thrown message is not in the 500 body under production or any other NODE_ENV, and fail500 logged it (7 ms)
    ✕ RED KS-1334 A1 POST /backfill-certification-metadata: the thrown message is not in the 500 body under production or any other NODE_ENV, and fail500 logged it (1 ms)
    ✓ control KS-1334 A0 POST /refresh-tenants: a call that does not throw answers 200 and logs nothing (1 ms)
    ✓ control KS-1334 A0 POST /backfill-certification-metadata: a call that does not throw answers 200 and logs nothing (1 ms)
    ✓ control KS-1334 A2: KS1334_LEAK survives JSON encoding, so leaked: false above is not vacuous
    - Expected  - 8
    + Received  + 1
    - Expected  - 8
    + Received  + 1
    - Expected  - 8
    + Received  + 1
    - Expected  - 8
    + Received  + 1
    - Expected  - 8
    + Received  + 1
    - Expected  - 8
    + Received  + 1
Tests:       6 failed, 13 passed, 19 total
tamper prod target count 1 at line [104]
== R4 ticket tamper (production-only) + FIXED test
    ✕ RED KS-730 C1 GET /settings: the thrown message is not in the 500 body under development, demo, test or unset (17 ms)
    ✕ RED KS-730 C1 GET /document-types: the thrown message is not in the 500 body under development, demo, test or unset (2 ms)
    ✕ RED KS-730 C1 GET /workflows: the thrown message is not in the 500 body under development, demo, test or unset (1 ms)
    ✕ RED KS-730 C1 GET /organizations: the thrown message is not in the 500 body under development, demo, test or unset (1 ms)
    ✕ RED KS-730 C2 GET /settings: the thrown message is logged once, server-side, with this route named (1 ms)
    ✕ RED KS-730 C2 GET /document-types: the thrown message is logged once, server-side, with this route named (1 ms)
    ✕ RED KS-730 C2 GET /workflows: the thrown message is logged once, server-side, with this route named
    ✕ RED KS-730 C2 GET /organizations: the thrown message is logged once, server-side, with this route named
    ✓ KS-730 C3 SOURCE: all forty-six sites are routed through the helper, each with a DISTINCT context (1 ms)
    ✓ control KS-730 C0: a "does not exist" error still answers 200 and never reaches fail500 (2 ms)
    ✓ KS-730 C4 SOURCE: the four UNCONDITIONAL err.message sites are named, not silently left (1 ms)
    ✓ control KS-730 C: under production these routes already answered the constant text (2 ms)
    ✓ control KS-730 C: a route that does NOT throw answers 200 and logs nothing
    ✓ control KS-730 C: the LEAK string really is the thrown text, so "not leaked" is not vacuous
    ✕ RED KS-1334 A1 POST /refresh-tenants: the thrown message is not in the 500 body under production or any other NODE_ENV, and fail500 logged it (9 ms)
    ✕ RED KS-1334 A1 POST /backfill-certification-metadata: the thrown message is not in the 500 body under production or any other NODE_ENV, and fail500 logged it (1 ms)
    ✓ control KS-1334 A0 POST /refresh-tenants: a call that does not throw answers 200 and logs nothing
    ✓ control KS-1334 A0 POST /backfill-certification-metadata: a call that does not throw answers 200 and logs nothing (1 ms)
    ✓ control KS-1334 A2: KS1334_LEAK survives JSON encoding, so leaked: false above is not vacuous
    - Expected  - 8
    + Received  + 1
    - Expected  - 8
    + Received  + 1
    - Expected  - 8
    + Received  + 1
    - Expected  - 8
    + Received  + 1
    - Expected  - 8
    + Received  + 1
    - Expected  - 8
    + Received  + 1
    - Expected  - 8
    + Received  + 1
    - Expected  - 8
    + Received  + 1
    - Expected  - 8
    + Received  + 1
    - Expected  - 8
    + Received  + 1
Tests:       10 failed, 9 passed, 19 total
tamper prod target count 1 at line [104]
== R5 ticket tamper (production-only) + HEAD test  [is the ticket's tamper discriminating?]
    ✕ RED KS-730 C1 GET /settings: the thrown message is not in the 500 body under development, demo, test or unset (16 ms)
    ✕ RED KS-730 C1 GET /document-types: the thrown message is not in the 500 body under development, demo, test or unset (2 ms)
    ✕ RED KS-730 C1 GET /workflows: the thrown message is not in the 500 body under development, demo, test or unset (1 ms)
    ✕ RED KS-730 C1 GET /organizations: the thrown message is not in the 500 body under development, demo, test or unset (1 ms)
    ✕ RED KS-730 C2 GET /settings: the thrown message is logged once, server-side, with this route named (1 ms)
    ✕ RED KS-730 C2 GET /document-types: the thrown message is logged once, server-side, with this route named (1 ms)
    ✕ RED KS-730 C2 GET /workflows: the thrown message is logged once, server-side, with this route named (1 ms)
    ✕ RED KS-730 C2 GET /organizations: the thrown message is logged once, server-side, with this route named (1 ms)
    ✓ KS-730 C3 SOURCE: all forty-six sites are routed through the helper, each with a DISTINCT context (1 ms)
    ✓ control KS-730 C0: a "does not exist" error still answers 200 and never reaches fail500 (2 ms)
    ✓ KS-730 C4 SOURCE: the four UNCONDITIONAL err.message sites are named, not silently left
    ✓ control KS-730 C: under production these routes already answered the constant text (2 ms)
    ✓ control KS-730 C: a route that does NOT throw answers 200 and logs nothing
    ✓ control KS-730 C: the LEAK string really is the thrown text, so "not leaked" is not vacuous (1 ms)
    ✕ RED KS-1334 A1 POST /refresh-tenants: the thrown message is not in the 500 body under production or any other NODE_ENV, and fail500 logged it (8 ms)
    ✕ RED KS-1334 A1 POST /backfill-certification-metadata: the thrown message is not in the 500 body under production or any other NODE_ENV, and fail500 logged it (2 ms)
    ✓ control KS-1334 A0 POST /refresh-tenants: a call that does not throw answers 200 and logs nothing
    ✓ control KS-1334 A0 POST /backfill-certification-metadata: a call that does not throw answers 200 and logs nothing (1 ms)
    ✓ control KS-1334 A2: KS1334_LEAK survives JSON encoding, so leaked: false above is not vacuous
    Expected: ["Admin config request failed (GET /api/admin/settings)", {"error": "duplicate key value violates unique constraint \"admin_settings_pkey\" ks730c-private-detail"}]
    Received: undefined
    Expected: ["Admin config request failed (GET /api/admin/document-types)", {"error": "duplicate key value violates unique constraint \"admin_settings_pkey\" ks730c-private-detail"}]
    Received: undefined
    Expected: ["Admin config request failed (GET /api/admin/workflows)", {"error": "duplicate key value violates unique constraint \"admin_settings_pkey\" ks730c-private-detail"}]
    Received: undefined
    Expected: ["Admin config request failed (GET /api/admin/organizations)", {"error": "duplicate key value violates unique constraint \"admin_settings_pkey\" ks730c-private-detail"}]
    Received: undefined
    - Expected  - 8
    + Received  + 1
    - Expected  - 8
    + Received  + 1
    - Expected  - 8
    + Received  + 1
    - Expected  - 8
    + Received  + 1
    - Expected  - 8
    + Received  + 1
    - Expected  - 8
    + Received  + 1
Tests:       10 failed, 9 passed, 19 total
== test-inclusive tsc: tip vs fixed
test-inclusive tsc rc=0 errors=0
test-inclusive tsc rc=0 errors=0
tsc error SETS identical (tip vs fixed)
== positive control: an unused const in the test file must surface TS6133 in the test-inclusive tsc
test-inclusive tsc rc=2 errors=1
src/__tests__/ks730c-adminconfig-500-never-answers-err-message.test.ts(259,7): error TS6133: 'ks1349Unused' is declared but its value is never read.
== lint: package eslint (tip warnings vs fixed) and --max-warnings 0 on the test file
eslint --max-warnings 0 fixed test rc=0
✖ 22 problems (0 errors, 22 warnings)
  0 errors and 14 warnings potentially fixable with the `--fix` option.

npm run lint rc=0
== whole originate suite, fixed
Test Suites: 84 passed, 84 total
Tests:       979 passed, 979 total
