== /Volumes/DevMASTER/!CODING/Secuura/Blockchain/5_Project_History/2026-10-06_seatG-3rd/raise
  4e76ea90fb5a3795 150 applylocksg1.py
  7db80a6a497e658d 141 applylocksg3.py
  12bce96cee920057 284 armsg1.py
  1ce35951d965279b 244 bannercheckg1.py
  dc2efaa4bdf197ed 164 commitg1.sh
  8b87ce4063c58eae 90 cotenant_proofg1.py
  e4990c73fffdd0ab 168 ffproofg1.sh
  b5e7923f605af9da 73 gatelinesg1.py
  fae5e64293a99d1a 58 gatelinesproofg1.sh
  404a3e916f2c9fd5 80 genplang3.py
  50f46012296c8220 406 inbox_matchg1.py
  ef944b93dc3a1757 159 inbox_watchg1.sh
  e85a0c6e624087c9 56 keyscang1.py
  374404d40bdf7ebc 42 keyscanproofg1.sh
  57a88af31d6a6c7f 155 legproofg1.sh
  263adfd8e88c1bbf 146 lockdiffg1.py
  dae2817b8c970764 581 lockg1.sh
  811c16386ac1aef3 213 lockproofg1.sh
  305ebb1b2a1caaf7 587 mergeg1.py
  fcf0bd9cf3475536 69 mergeing2.sh
  197428069808013a 1131 namecheckg1.py
  2ca47e1b205be61c 118 paneprecg1.py
  d6b8553683ca8ea1 138 pathgateg1.py
  834885a5cda9a047 247 pushg1.sh
  419ad96ef56dce48 131 pushg1_ff.sh
  fe4c615600107d42 147 pushproofg1.sh
  8407fdf4d1ab6332 100 r5proofg1.py
  42460ebcf2fc282f 257 raiseg1.py
  14880dda3c062e17 102 raiseproofg1.sh
  3a2ccc582c106711 38 refdiffg1.py
  31ed89c468551f8c 106 refreshg1.sh
  a1f28f4215db5515 932 rekey_checkg1.py
  79867a5dda2294d6 235 rekeyg1.py
  a51b4863ff09c797 120 reseat_g2.py
  526cdf372b1a5bd5 169 reseat_g3.py
  cadb32ba0f291136 188 residue_auditg1.py
  52383dd4a80c59cb 258 trap4_g1.py
  c72c2835a52bb48d 199 twolockg1.sh
  43ed436ee2401ece 328 watchproofg1.sh
  MINE 'g 3rd' line 102
  OTHER_SEATS 119 line 212 {'r 18th': False, 'r 17th': False, 'e 11th': False, 'e 10th': False, 'g 4th': True, 'g 3rd': False, 'f 5th': False, 'f 4th': True, 'f 6th': False, 'g 5th': False, 'e 12th': False, 'r 19th': False}
== /Volumes/DevMASTER/!CODING/Secuura/Blockchain/5_Project_History/2026-10-05_seatF-4th/raise
  d1e46038ac8a3f1f 450 inbox_matchf3.py
  106da9c68985828d 173 inbox_watchf3.sh
  576907e0e001b2cb 604 lockf3.sh
  dd857ed3306fdd21 602 mergef3.py
  8294656e3c2542b4 75 pathgatef3.py
  b22cd3ba01b26f96 265 pushf3.sh
  2898cbc3238dbb28 160 pushf3_ff.sh
  0519cae541959b05 172 trap4_f3.py
  f6f7250184cbc03e 320 twolockf3.sh
  MINE 'f 4th' line 139
  OTHER_SEATS 106 line 260 {'r 18th': False, 'r 17th': False, 'e 11th': False, 'e 10th': False, 'g 4th': False, 'g 3rd': False, 'f 5th': True, 'f 4th': False, 'f 6th': False, 'g 5th': False, 'e 12th': False, 'r 19th': False}
== /Volumes/DevMASTER/!CODING/Secuura/Blockchain/5_Project_History/2026-10-07_seatE-10th/raise
  9e08f8409b03d8d3 206 commite4.sh
  c4827645b53bce19 168 docblockra3.py
  b5e7923f605af9da 73 gatelinese4.py
  11680bb470b4a578 66 h2reade7.py
  b538371588d22986 546 inbox_matche4.py
  53463a6f1c970fd9 159 inbox_watche4.sh
  e85a0c6e624087c9 56 keyscane4.py
  7a1291f3280d0722 622 locke4.sh
  12913dede1a1091a 1089 namechecke4.py
  5a1feeb2338c6115 138 pathgatee4.py
  7202eb3fe814e007 254 pushe7.sh
  1375dfeec54dfc10 70 restraisee7.py
  efcb1da71c2da9c4 11 sendguarde7.sh
  1137163a37027609 25 split_sections.py
  bb10478135b3ce8e 261 twolocke4.sh
  MINE 'e 10th' line 102
  OTHER_SEATS 163 line 209 {'r 18th': False, 'r 17th': False, 'e 11th': True, 'e 10th': False, 'g 4th': False, 'g 3rd': True, 'f 5th': False, 'f 4th': True, 'f 6th': False, 'g 5th': False, 'e 12th': False, 'r 19th': False}
