UNRAISED measured: 28 | assigned: 23 | excluded: 5 | set-equal: True
R18 x E11: 0 shared payload files []
R18 x G4: 0 shared payload files []
R18 x F5: 0 shared payload files []
E11 x G4: 0 shared payload files []
E11 x F5: 0 shared payload files []
G4 x F5: 0 shared payload files []
CONTROL docs ∩ (every seat + docs): True
CONTROL self-intersection non-empty: True
  mode R18: NEW Blockchain/Dev/scripts/__tests__/smoke_test_counters_survive_errexit.test.sh
  mode R18: 100755 Blockchain/Dev/scripts/smoke-test.sh
  mode R18: NEW Blockchain/Dev/services/api-gateway/src/__tests__/ks1410-batch-and-audit-export-500-never-answer-err-message.test.ts
  mode R18: NEW Blockchain/Dev/services/api-gateway/src/__tests__/ks1410-notifications-500-never-answers-err-message.test.ts
  mode R18: 100755 Blockchain/Testing/jobs/04-container-trivy.sh
  mode E11: NEW Blockchain/Dev/services/analytics/src/__tests__/ks1364-analytics-exports-body-required.test.ts
  mode E11: NEW Blockchain/Dev/services/anchoring/src/__tests__/ks591-anchors-post-thread-mint-body-required.test.ts
  mode E11: NEW Blockchain/Dev/services/api-gateway/src/__tests__/ks1364-batch-certifications-delegations-body-required.test.ts
  mode E11: NEW Blockchain/Dev/services/billing/src/__tests__/ks1364-billing-credits-use-body-required.test.ts
  mode E11: NEW Blockchain/Dev/services/billing/src/__tests__/ks591-billing-customers-bundle-body-required.test.ts
  mode E11: NEW Blockchain/Dev/services/m365-integration/src/__tests__/ks1364-teams-webhook-config-notify-body-required.test.ts
  mode E11: NEW Blockchain/Dev/services/nft-certificate/src/__tests__/ks1364-nft-ipfs-pin-unpin-estimate-size-body-required.test.ts
  mode E11: NEW Blockchain/Dev/services/nft-certificate/src/__tests__/ks591-nft-mint-upload-fee-body-required.test.ts
  mode E11: NEW Blockchain/Dev/services/originate/src/__tests__/ks1364-share-system-errors-body-required.test.ts
  mode E11: NEW Blockchain/Dev/services/staking/src/__tests__/ks591-stake-complete-unstake-body-required.test.ts
  mode E11: NEW Blockchain/Dev/services/tenant-provisioning/src/__tests__/ks591-platform-tenants-create-status-body-required.test.ts
  mode E11: NEW Blockchain/Dev/services/transfer/src/__tests__/ks591-transfer-delegation-posts-body-required.test.ts
  mode G4: NEW Blockchain/Dev/services/anchoring/src/__tests__/ks1171-b1-absent-boundary-is-inclusive.test.ts
  mode G4: NEW Blockchain/Dev/services/originate/src/__tests__/ks593-adminconfig-list-refuses-negative-offset.test.ts
  mode G4: NEW Blockchain/Dev/services/originate/src/__tests__/ks593-share-refuses-non-object-recipient.test.ts
  mode G4: NEW Blockchain/Dev/services/originate/src/__tests__/ks593-signatories-refuses-a-non-uuid-id.test.ts
  mode F5: NEW Blockchain/Dev/scripts/__tests__/ks808_run_migrations_counts_skips_apart.test.sh
  mode F5: 100755 Blockchain/Dev/scripts/__tests__/stack_guard.test.sh
  mode F5: 100755 Blockchain/Dev/scripts/run-migrations.sh
  mode F5: 100755 Blockchain/Dev/scripts/stack_guard.sh
EXCLUDED 2026-10-07_KS-591-platform-tenant-id-uuid shares ['Blockchain/Dev/services/tenant-provisioning/src/tenant-provisioning.openapi.ts'] with E11
