MATCH    c1-real                        rc 0 (want 0) | 0 FAIL
MATCH    c1-end-tree-gate78             rc 1 (want 1) | FAIL P4 END_TREE 64d5bf0c31a3 == --end-tree ccbb76460ad6 (kit 64d5bf0c31a3: True)
MATCH    c1-base-is-develop             rc 1 (want 1) | FAIL P2 type commit | 1 parent(s) (want 1) | first 81d2e5f4c415 (want 349b35c9163a) ['first parent 81d2e5f4c415 != base 349b35c9163a']
MATCH    c1-parents-n-2                 rc 1 (want 1) | FAIL P2 type commit | 1 parent(s) (want 2) | first 81d2e5f4c415 (want 81d2e5f4c415) ['parent count 1 != 2']
MATCH    c1-no-end-tree                 rc 2 (want 2) | REFUSED: --end-tree is REQUIRED (no default: a kit default is the drafter's pin, not your measurement)
MATCH    c1-develop-touches-route       rc 1 (want 1) | FAIL P12 base..develop: 7 path(s); shared with the PR 3 ['Blockchain/Dev/services/originate/src/routes/documents.ts', 'Projects Documents/API_Security
MATCH    c1-develop-touches-auth        rc 1 (want 1) | FAIL P10 NO-NEW-LEG: 24 tooling / code-surface paths present and identical at base / head / develop ["Blockchain/Dev/services/auth/src/routes/users.ts
MATCH    c1-develop-clean-sim           rc 0 (want 0) | 0 FAIL
MATCH    c2-head-is-base                rc 1 (want 1) | FAIL D2 ORDER at the head (char offsets) [81078, -1, -1, 91796, -1] for ['isAllowedByRoleOrScope(req, ', 'HOLDER_EMAIL_SCHEMA.safePars', 'lookupHash(n
MATCH    c2-head-is-develop             rc 1 (want 1) | FAIL D4 RETIRED-SUBJECT fetch users/lookup                     IN THE HANDLER code-only base 1 -> head 1 (raw 1 -> 1; CONTROL: base > 0) | whole origi
MATCH    c2-no-base                     rc 2 (want 2) | REFUSED: --base is REQUIRED (no default: a kit default is the drafter's pin, not your measurement)
MATCH    gh-prtext-foreign-key          rc 1 (want 1) | T3 hyphenated keys (title + body): ['KS-1402', 'KS-1406'] -> only KS-1402: False
MATCH    gh-prtext-closing-word         rc 1 (want 1) | T1 `Refs KS-1402` lines: 0 at line(s) [] (want exactly 1) | T1b closing words on it or the 3 lines above: none
MATCH    gh-prtext-real-14rows          rc 1 (want 1) | T6 CL-ROWS    MISMATCH stated [(14,)] measured (13,)
RED ARMS: 14 MATCH, 0 MISMATCH
