MATCH    missing--pr                        rc 9 (want 9) | REFUSING: a REQUIRED argument is missing (PR)
MATCH    missing--head                      rc 9 (want 9) | REFUSING: a REQUIRED argument is missing (HD)
MATCH    missing--branch                    rc 9 (want 9) | REFUSING: a REQUIRED argument is missing (BR)
MATCH    missing--base                      rc 9 (want 9) | REFUSING: a REQUIRED argument is missing (BASE)
MATCH    missing--parents-n                 rc 9 (want 9) | REFUSING: a REQUIRED argument is missing (NPAR)
MATCH    missing--end-tree                  rc 9 (want 9) | REFUSING: a REQUIRED argument is missing (TREE)
MATCH    missing--develop                   rc 9 (want 9) | REFUSING: a REQUIRED argument is missing (DEV)
MATCH    wrong--pr                          rc 11 (want 11) | REFUSING: WRONG VALUE --pr '1435' != kit.json pr.pr '1437' — the kit's figures are for that value; re-draft
MATCH    wrong--head                        rc 11 (want 11) | REFUSING: WRONG VALUE --head '6f4adfe8835ec8ece51653f3f758d6a55ce12348' != kit.json pr.head_expected 'b4933a457f38fe12551839545431bba000e928
MATCH    wrong--branch                      rc 11 (want 11) | REFUSING: WRONG VALUE --branch 'feature/ks-1452-handlebars-lock-refresh-v1-1' != kit.json pr.branch 'feature/ks-1402-originate-resolves-hold
MATCH    wrong--base                        rc 11 (want 11) | REFUSING: WRONG VALUE --base '1e7f90e261379e58eadc3ca0bbcc8d7e9e6938b0' != kit.json pr.parents.0 '81d2e5f4c4151f5291a7a9c186d93a02dc5d38d6' 
MATCH    wrong--parents-n                   rc 11 (want 11) | REFUSING: WRONG VALUE --parents-n '2' != kit.json pr.parent_count '1' — the kit's figures are for that value; re-draft
MATCH    wrong--end-tree                    rc 11 (want 11) | REFUSING: WRONG VALUE --end-tree 'ccbb76460ad630ab9fdb74b31dfc16502eee94ac' != kit.json pr.end_tree '64d5bf0c31a371a968ec13474f3cdaf6b42541e
MATCH    wrong--develop                     rc 11 (want 11) | REFUSING: WRONG VALUE --develop '81d2e5f4c4151f5291a7a9c186d93a02dc5d38d6' != kit.json develop_at_draft '349b35c9163ac59209366adb7a4a89d8779
MATCH    short--head                        rc 9 (want 9) | REFUSING: HD must be the FULL 40-hex sha, got 'b4933a457f38'
MATCH    noapi-real-launch                  rc 9 (want 9) | REFUSING: --no-api is a dry-run option only (a real launch reads the PR API)
MATCH    stale-repin-develop                rc 10 (want 10) | REFUSING TO LAUNCH: --repin-develop 1e7f90e261379e58eadc3ca0bbcc8d7e9e6938b0 is not origin develop 349b35c9163ac59209366adb7a4a89d8779bd6d6 
MATCH    lsfile-headmoved                   rc 11 (want 11) | REFUSING TO LAUNCH: origin pull/head '81d2e5f4c4151f5291a7a9c186d93a02dc5d38d6' / branch 'b4933a457f38fe12551839545431bba000e928fc' != --hea
MATCH    lsfile-branchmoved                 rc 11 (want 11) | REFUSING TO LAUNCH: origin pull/head 'b4933a457f38fe12551839545431bba000e928fc' / branch '81d2e5f4c4151f5291a7a9c186d93a02dc5d38d6' != --hea
MATCH    lsfile-head-AND-branch-moved       rc 11 (want 11) | REFUSING TO LAUNCH: origin pull/head '2eeb339582e92116259be1b64a8ab3f4fcce8fbd' / branch '2eeb339582e92116259be1b64a8ab3f4fcce8fbd' != --hea
MATCH    lsfile-dev-not-descendant          rc 13 (want 13) | REFUSING TO LAUNCH: C1 FAILED at the head (3 FAIL line(s), c1 rc 1)
MATCH    lsfile-dev-touches-documents.ts    rc 13 (want 13) | REFUSING TO LAUNCH: C1 FAILED at the head (1 FAIL line(s), c1 rc 1)
MATCH    lsfile-dev-touches-auth            rc 13 (want 13) | REFUSING TO LAUNCH: C1 FAILED at the head (2 FAIL line(s), c1 rc 1)
MATCH    lsfile-dev-sim-clean-no-repin      rc 10 (want 10) | REFUSING TO LAUNCH: develop moved (c1 P12 says it touched no PR path outside the known docs / yaml overlap, and no tooling path). To re-pin 
MATCH    lsfile-dev-sim-clean-stale-repin   rc 10 (want 10) | REFUSING TO LAUNCH: --repin-develop 202f11edfd67a2392b9b2e1c51b8c7af075d73ff is not origin develop 2eeb339582e92116259be1b64a8ab3f4fcce8fbd 
MATCH    lsfile-dev-sim-clean-repinned      rc 0 (want 0) | DRY RUN COMPLETE 2026-10-09T05:56:06Z — #1437 b4933a457f38fe12551839545431bba000e928fc, develop 2eeb339582e92116259be1b64a8ab3f4fcce8fbd; th
MATCH    lsfile-in-real-launch              rc 16 (want 16) | REFUSING: G79_LSFILE is a dry-run control only
REPIN ARMS: 27 MATCH, 0 MISMATCH
