MATCH    rendered               rc 0 (want 0) | all guards pass:
MATCH    badpin                 rc 31 (want 31) | REFUSING: BAD PIN — c2_code_gate79.py sha256 c5db6df0f213257d != kit.json pin 05db6df0f213257d
MATCH    nopin                  rc 30 (want 30) | REFUSING: the kit file gh_gate79.py has NO sha256 pin in /Volumes/DevMASTER/WEDNESDAY/2_Project_Files/fleet/qa-agent/gatesets/2026-10-09_gat
MATCH    missingfile            rc 30 (want 30) | REFUSING: the kit file /Volumes/DevMASTER/WEDNESDAY/2_Project_Files/fleet/qa-agent/gatesets/2026-10-09_gate79/_scratch/arms/kit_missing/c3_c
MATCH    tamperedfile           rc 31 (want 31) | REFUSING: BAD PIN — probe_block_gate79.ts.txt sha256 912f7fd4e136e0c5 != kit.json pin 8d7f2ca5fe2958c5
MATCH    unrendered             rc 8 (want 8) | REFUSING: an unfilled double-brace token (render with repin_and_launch_gate79.sh)
MATCH    forbiddenGO            rc 8 (want 8) | REFUSING: the GO strings must be exactly the pre-ruled one (GO (Seat K 3rd): merge 1437 on gate79), found: GO (Seat K 2nd): merge 1437 on ga
MATCH    noModelLine            rc 33 (want 33) | REFUSING: the measurement rules / head-parameter rule / load-failure rule / code-only census rule / by-path Actions rule / MODEL-LINE
MATCH    noByPathRule           rc 33 (want 33) | REFUSING: the measurement rules / head-parameter rule / load-failure rule / code-only census rule / by-path Actions rule / MODEL-LINE
MATCH    noLoadRule             rc 33 (want 33) | REFUSING: the measurement rules / head-parameter rule / load-failure rule / code-only census rule / by-path Actions rule / MODEL-LINE
MATCH    noCodingHold           rc 39 (want 39) | REFUSING: the HOLDS
MATCH    noBuilderWorktree      rc 39 (want 39) | REFUSING: the HOLDS
MATCH    noTenantlessKeyword    rc 33 (want 33) | REFUSING: the prompt does not carry the by-name keyword 'TENANTLESS-CALLER'
MATCH    noQLegacyKeyword       rc 33 (want 33) | REFUSING: the prompt does not carry the by-name keyword 'Q-LEGACY'
MATCH    hf_good                rc 0 (want 0) | all guards pass:
MATCH    hf_wrong_pr            rc 7 (want 7) | REFUSING: WRONG VALUE pr '1435' != kit 1437
MATCH    hf_wrong_branch        rc 7 (want 7) | REFUSING: WRONG VALUE branch 'feature/ks-1452-handlebars-lock-refresh-v1-1' != kit feature/ks-1402-originate-resolves-holder-email-itself-k2
MATCH    hf_wrong_head          rc 7 (want 7) | REFUSING: WRONG VALUE head '6f4adfe8835ec8ece51653f3f758d6a55ce12348' != kit b4933a457f38fe12551839545431bba000e928fc (re-draft the kit for 
MATCH    hf_wrong_base          rc 7 (want 7) | REFUSING: WRONG VALUE base '349b35c9163ac59209366adb7a4a89d8779bd6d6' != kit 81d2e5f4c4151f5291a7a9c186d93a02dc5d38d6
MATCH    hf_wrong_parents       rc 7 (want 7) | REFUSING: WRONG VALUE parents-n '2' != kit 1
MATCH    hf_wrong_tree          rc 7 (want 7) | REFUSING: WRONG VALUE end-tree 'ccbb76460ad630ab9fdb74b31dfc16502eee94ac' != kit 64d5bf0c31a371a968ec13474f3cdaf6b42541e9
MATCH    hf_malformed           rc 7 (want 7) | REFUSING: head file value '' is not a full 40-hex sha
MATCH    hf_two_P               rc 7 (want 7) | REFUSING: head file must carry exactly one 'P ' line
MATCH    hf_wrong_develop       rc 8 (want 8) | REFUSING: the prompt does not name the develop 1e7f90e261379e58eadc3ca0bbcc8d7e9e6938b0 in full
MATCH    lsReal                 rc 0 (want 0) | all guards pass:
MATCH    lsHeadMoved            rc 6 (want 6) | REFUSING: #1437 pull/head '81d2e5f4c4151f5291a7a9c186d93a02dc5d38d6' / branch 'b4933a457f38fe12551839545431bba000e928fc' != b4933a457f38fe12
MATCH    lsBranchMoved          rc 6 (want 6) | REFUSING: #1437 pull/head 'b4933a457f38fe12551839545431bba000e928fc' / branch '81d2e5f4c4151f5291a7a9c186d93a02dc5d38d6' != b4933a457f38fe12
MATCH    lsDevMoved             rc 17 (want 17) | REFUSING: origin develop 'b4933a457f38fe12551839545431bba000e928fc' != the rendered develop 349b35c9163ac59209366adb7a4a89d8779bd6d6 (re-run
MATCH    movedKit               rc 2 (want 2) | REFUSING: this launcher lives in /Volumes/DevMASTER/WEDNESDAY/2_Project_Files/fleet/qa-agent/gatesets/2026-10-09_gate79/_scratch/arms but wa
MATCH    launchNonTTY           rc 21 (want 21) | REFUSING: stdin is not a TTY — run this launcher in a cockpit pane, never inside a Bash tool
LAUNCHER ARMS: 30 MATCH, 0 MISMATCH
