== RED at tip (test file only)
     × RED KS-1337 akto: from a checkout path WITH spaces the step is the real pre-suite file, not a percent-encoded one 7ms
⎯⎯⎯⎯⎯⎯⎯ Failed Tests 1 ⎯⎯⎯⎯⎯⎯⎯
Expected: "/var/folders/xl/p96z5mmd3lzcn3pt8t6djkl40000gn/T/ks1337-akto-AkTyCb/Testing Agent MAIN/systemTest/fixtures/pre-suite.ts"
Received: "/var/folders/xl/p96z5mmd3lzcn3pt8t6djkl40000gn/T/ks1337-akto-AkTyCb/Testing%20Agent%20MAIN/systemTest/fixtures/pre-suite.ts"
      Tests  1 failed | 2 passed (3)
== GREEN after golden (git apply strict, whole diff)
git apply rc=0
applied test == golden test
      Tests  3 passed (3)
== whole akto unit suite on the fixed tree
 Test Files  70 passed (70)
      Tests  1236 passed (1236)
== lint (package's own: tsc + eslint on the two files)
tsc rc=0
eslint rc=0
Checking formatting...
All matched files use Prettier code style!
prettier rc=0
== TAMPER: :37 back to .pathname (fixed tree)
tamper target count 1
     × RED KS-1337 akto: from a checkout path WITH spaces the step is the real pre-suite file, not a percent-encoded one 8ms
⎯⎯⎯⎯⎯⎯⎯ Failed Tests 1 ⎯⎯⎯⎯⎯⎯⎯
Expected: "/var/folders/xl/p96z5mmd3lzcn3pt8t6djkl40000gn/T/ks1337-akto-aN4uML/Testing Agent MAIN/systemTest/fixtures/pre-suite.ts"
Received: "/var/folders/xl/p96z5mmd3lzcn3pt8t6djkl40000gn/T/ks1337-akto-aN4uML/Testing%20Agent%20MAIN/systemTest/fixtures/pre-suite.ts"
      Tests  1 failed | 2 passed (3)
== ARM: decodeURIComponent(pathname) alternative (should be GREEN: the cell tests behaviour, not the idiom)
      Tests  3 passed (3)
== restore clone
