mode: code_patch
diff_blocks=1 all_blocks=1 prose_outside_chars=0
wrote /Volumes/DevMASTER/WEDNESDAY/2_Project_Files/local-model/night/briefs/KS-1015-owner-list/precheck/negative_out.md.checker/patch.diff lines=110
PASS A1 output is exactly one fenced ```diff block, nothing outside it
clone clean at pinned tip 88e8877a2a0d6a626b9c2a7c4b71d3a909e6f94e
runner: vitest
--- baseline at the untouched tip (whole services/referral suite + tsc)
baseline suite rc=0 total=34 passed=34 failed=0 suites_failed=0 loaded=1 failed_names=[]
baseline tsc rc=0 (0 lines)
sections=2 miscounted_sections=0
section 1 Blockchain/Dev/services/referral/src/referral.openapi.ts: applies (strict)
section 2 Blockchain/Dev/services/referral/src/__tests__/ks1015-referral-lookup-spec-declares-envelope.test.ts: applies (strict)
PASS A2 diff applies at the tip (strict git apply --check, every section, hunk headers consistent)
touched files (2): Blockchain/Dev/services/referral/src/__tests__/ks1015-referral-lookup-spec-declares-envelope.test.ts Blockchain/Dev/services/referral/src/referral.openapi.ts  (+79/-7)
PASS A3 touched-file set == { Blockchain/Dev/services/referral/src/referral.openapi.ts , Blockchain/Dev/services/referral/src/__tests__/ks1015-referral-lookup-spec-declares-envelope.test.ts }
PASS A3b every must_change site the ticket names is changed by the product hunk (4 site(s))
A3c: measuring the product + test sections together (the test file is in the diff)
FAIL A3c INCOMPLETE — 1 of 75 line(s) the brief adds are ABSENT from the product hunk: totalReferrals: z.number().int(),
RESULT: FAIL (1 failed) — stopped at A3c (a dropped addition; the tests are not run)
PASS A2a ANCHOR: every hunk's old side sits at its header's start line at the tip (SUMMARY hunks=3 ok=3 bad=0 skipped_newfile=0)
SPARK RESULT: FAIL (checker rc=1; A2a rc=0)
