MISMATCH rendered               rc 17 (want 0) | <asserting line ABSENT: all guards pass>
MATCH    badpin                 rc 31 (want 31) | REFUSING: BAD PIN — c2_locks_gate78.py sha256 d7311051a02f4d67 != kit.json pin 07311051a02f4d67
MATCH    nopin                  rc 30 (want 30) | REFUSING: the kit file gh_gate78.py has NO sha256 pin in /Volumes/DevMASTER/WEDNESDAY/2_Project_Files/fleet/qa-agent/gatesets/2026-10-09_gat
MATCH    missingfile            rc 30 (want 30) | REFUSING: the kit file /Volumes/DevMASTER/WEDNESDAY/2_Project_Files/fleet/qa-agent/gatesets/2026-10-09_gate78/_scratch/arms/kit_missing/c3_r
MATCH    tamperedfile           rc 31 (want 31) | REFUSING: BAD PIN — c6_reach_gate78.py sha256 b50717c21413ef6a != kit.json pin 76998c55e982ad1c
MATCH    unrendered             rc 8 (want 8) | REFUSING: an unfilled double-brace token (render with repin_and_launch_gate78.sh)
MATCH    forbiddenGO            rc 8 (want 8) | REFUSING: the GO strings must be exactly the pre-ruled one (GO (Seat V 2nd): merge 1435 on gate78), found: GO (Seat V 1st): merge 1435 on ga
MATCH    noModelLine            rc 33 (want 33) | REFUSING: the measurement rules / head-parameter rule / base-derived plan / instrument distinction / by-path Actions rule / MODEL-LINE
MATCH    noByPathRule           rc 33 (want 33) | REFUSING: the measurement rules / head-parameter rule / base-derived plan / instrument distinction / by-path Actions rule / MODEL-LINE
MATCH    noCodingHold           rc 39 (want 39) | REFUSING: the HOLDS
MATCH    noMaskedKeyword        rc 33 (want 33) | REFUSING: the prompt does not carry the by-name keyword 'MASKED-BYTES'
MATCH    hf_good                rc 0 (want 0) | all guards pass:
MATCH    hf_wrong_pr            rc 7 (want 7) | REFUSING: WRONG VALUE pr '1406' != kit 1435
MATCH    hf_wrong_branch        rc 7 (want 7) | REFUSING: WRONG VALUE branch 'feature/ks-1437-advisory-lock-refresh-g3-1' != kit feature/ks-1452-handlebars-lock-refresh-v1-1
MATCH    hf_wrong_head          rc 7 (want 7) | REFUSING: WRONG VALUE head '4a400d7aa9dd273d91fb62375cb4b0598aa4405f' != kit 6f4adfe8835ec8ece51653f3f758d6a55ce12348 (re-draft the kit for 
MATCH    hf_wrong_base          rc 7 (want 7) | REFUSING: WRONG VALUE base 'b39051390ff6f252601d6f7b45f0ea6c21c31023' != kit 1e7f90e261379e58eadc3ca0bbcc8d7e9e6938b0
MATCH    hf_wrong_parents       rc 7 (want 7) | REFUSING: WRONG VALUE parents-n '2' != kit 1
MATCH    hf_wrong_tree          rc 7 (want 7) | REFUSING: WRONG VALUE end-tree '85820a21f80c02d542ca1cf62e194750f2779c28' != kit ccbb76460ad630ab9fdb74b31dfc16502eee94ac
MATCH    hf_malformed           rc 7 (want 7) | REFUSING: head file value '' is not a full 40-hex sha
MATCH    hf_two_P               rc 7 (want 7) | REFUSING: head file must carry exactly one 'P ' line
MATCH    hf_wrong_develop       rc 8 (want 8) | REFUSING: the prompt does not name the develop b39051390ff6f252601d6f7b45f0ea6c21c31023 in full
MISMATCH lsReal                 rc 17 (want 0) | <asserting line ABSENT: all guards pass>
MATCH    lsHeadMoved            rc 6 (want 6) | REFUSING: #1435 pull/head '1e7f90e261379e58eadc3ca0bbcc8d7e9e6938b0' / branch '6f4adfe8835ec8ece51653f3f758d6a55ce12348' != 6f4adfe8835ec8ec
MATCH    lsBranchMoved          rc 6 (want 6) | REFUSING: #1435 pull/head '6f4adfe8835ec8ece51653f3f758d6a55ce12348' / branch '1e7f90e261379e58eadc3ca0bbcc8d7e9e6938b0' != 6f4adfe8835ec8ec
MATCH    lsDevMoved             rc 17 (want 17) | REFUSING: origin develop '6f4adfe8835ec8ece51653f3f758d6a55ce12348' != the rendered develop 4765edf5d91901afdf5cf870cf7f2da04fa028f1 (re-run
MATCH    movedKit               rc 2 (want 2) | REFUSING: this launcher lives in /Volumes/DevMASTER/WEDNESDAY/2_Project_Files/fleet/qa-agent/gatesets/2026-10-09_gate78/_scratch/arms but wa
MISMATCH launchNonTTY           rc 17 (want 21) | <asserting line ABSENT: stdin is not a TTY>
LAUNCHER ARMS: 24 MATCH, 3 MISMATCH
