mode: code_patch
diff_blocks=1 all_blocks=1 prose_outside_chars=0
wrote /Volumes/DevMASTER/WEDNESDAY/2_Project_Files/local-model/runs/2026-09-15_ks1073-ornith35b-q8_0-night2/out.md.checker/patch.diff lines=201
PASS A1 output is exactly one fenced ```diff block, nothing outside it
clone clean at pinned tip 48e65c43517926da6f137993053c82c83e122f5d
--- baseline at the untouched tip (whole services/api-gateway suite + tsc)
baseline suite rc=0 total=355 passed=355 failed=0 suites_failed=0 loaded=1 failed_names=[]
baseline tsc rc=0 (0 lines)
line 11: file header written with a leading space (' --- /dev/null') — the space stripped, read as a header
section 1 Blockchain/Dev/services/api-gateway/src/routes/verification.ts: hunk 1 (@@ -682,7 +682,7 @@ export function createVerificationRoutes(deps: VerificationRouteDeps): Router {) declared old=7 new=7 but actual old=6 new=6
section 2 Blockchain/Dev/services/api-gateway/src/__tests__/ks1073-tier-2-verify-has-no-statusless.test.ts: hunk 1 (@@ -0,0 +1,215 @@) declared old=0 new=215 but actual old=0 new=188
sections=2 miscounted_sections=2
section 1 Blockchain/Dev/services/api-gateway/src/routes/verification.ts: applies ONLY with --recount --ignore-whitespace (miscounted hunks=1, strict rc=128)
section 2 Blockchain/Dev/services/api-gateway/src/__tests__/ks1073-tier-2-verify-has-no-statusless.test.ts: applies ONLY with --recount --ignore-whitespace (miscounted hunks=1, strict rc=128)
PASS A2 diff applies at the tip — with an accommodation: [Blockchain/Dev/services/api-gateway/src/routes/verification.ts: --recount --ignore-whitespace needed; miscounted hunks=1; strict rc=128] [Blockchain/Dev/services/api-gateway/src/__tests__/ks1073-tier-2-verify-has-no-statusless.test.ts: --recount --ignore-whitespace needed; miscounted hunks=1; strict rc=128]
touched files (2): Blockchain/Dev/services/api-gateway/src/__tests__/ks1073-tier-2-verify-has-no-statusless.test.ts Blockchain/Dev/services/api-gateway/src/routes/verification.ts  (+189/-1)
PASS A3 touched-file set == { Blockchain/Dev/services/api-gateway/src/routes/verification.ts , Blockchain/Dev/services/api-gateway/src/__tests__/ks1073-tier-2-verify-has-no-statusless.test.ts }
PASS A3b every must_change site the ticket names is changed by the product hunk (1 site(s))
test-only at tip: rc=1 total=3 passed=1 failed=2 suites_failed=2 loaded=1 failed_names=['KS-1073 — a statusless tier-2 row is NOT anchored (carve-out is tier-1 only) 🔴 KS-1073 — a tier-2 anchor-store row with NO status is not anchored', 'KS-1073 — a statusless tier-2 row is NOT anchored (carve-out is tier-1 only) 🔴 KS-1073 — the same statusless tier-2 row reports blockchain.anchored false']
PASS A4 RED-FIRST: src/__tests__/ks1073-tier-2-verify-has-no-statusless.test.ts fails at the untouched tip (2 failed / 3 run; controls green; assertion reds)
test after product hunk: rc=0 total=3 passed=3 failed=0 suites_failed=0 loaded=1 failed_names=[]
PASS A5 GREEN-AFTER: src/__tests__/ks1073-tier-2-verify-has-no-statusless.test.ts passes with the product hunk (3 passed / 3 run)
INFO control cell present: 1 cell(s) passed BEFORE and 3 AFTER (the harness reaches the code both times)
after suite rc=0 total=358 passed=358 failed=0 suites_failed=0 loaded=1 failed_names=[]
baseline: total=355 failed=0 | after: total=358 failed=0
develop's own reds (attributed, not counted): []
NEW reds: []
reds fixed by the patch: []
tests added: 3
PASS A6 whole services/api-gateway suite: no NEW red vs the untouched tip
PASS A7 tsc --noEmit for services/api-gateway: rc 0 after the patch (baseline rc=0)
INFO tsc on the test file alone: rc=0 (0 lines; not gated — vitest does not type-check and the service tsconfig excludes __tests__)
SUMMARY files=2 +189/-1 test=src/__tests__/ks1073-tier-2-verify-has-no-statusless.test.ts red_first=yes apply_mode=lenient
RESULT: PASS (7/7)
