PASS src/__tests__/ks587-document-blob-simulated.test.ts (6.134 s)
PASS src/__tests__/certificationRepo.test.ts (6.19 s)
PASS src/__tests__/ks535-anchor-async-fail-propagates.test.ts (6.256 s)
PASS src/__tests__/ks1004-anchor-failed-lockout.test.ts (6.303 s)
PASS src/__tests__/ks1293-originate-suite-is-hermetic.test.ts (6.422 s)
PASS src/__tests__/ks1041-gateway-provenance.test.ts (6.666 s)
PASS src/__tests__/ks584-p3-verify-list.test.ts (6.751 s)
  ● Console

    console.log
      2026-10-01 17:56:34.621 [originate] [33mwarn[39m: v2 verify: chain-fact read failed; matches present stored state {"error":"chain lookup disabled in test"}

      at Console.log (../../../../../../../../../../../../Volumes/DevMASTER/!CODING/Secuura/Blockchain/2_Project_Files/Blockchain/Dev/node_modules/winston/lib/winston/transports/console.js:87:23)

    console.log
      2026-10-01 17:56:34.652 [originate] [33mwarn[39m: v2 verify: chain-fact read failed; matches present stored state {"error":"chain lookup disabled in test"}

      at Console.log (../../../../../../../../../../../../Volumes/DevMASTER/!CODING/Secuura/Blockchain/2_Project_Files/Blockchain/Dev/node_modules/winston/lib/winston/transports/console.js:87:23)

PASS src/__tests__/rbac.test.ts (6.689 s)
PASS src/__tests__/ks730a-ingest-500-never-answers-err-message.test.ts (6.897 s)
PASS src/__tests__/ks1129-heal-persists-a-number.test.ts (7.346 s)
  ● Console

    console.log
      2026-10-01 17:56:35.228 [originate] [32minfo[39m: KS-584: healed anchor state written back to document {"documentId":"doc-1754000000000-original"}

      at Console.log (../../../../../../../../../../../../Volumes/DevMASTER/!CODING/Secuura/Blockchain/2_Project_Files/Blockchain/Dev/node_modules/winston/lib/winston/transports/console.js:87:23)

    console.log
      2026-10-01 17:56:35.258 [originate] [32minfo[39m: KS-584: healed anchor state written back to document {"documentId":"doc-1754000000000-original"}

      at Console.log (../../../../../../../../../../../../Volumes/DevMASTER/!CODING/Secuura/Blockchain/2_Project_Files/Blockchain/Dev/node_modules/winston/lib/winston/transports/console.js:87:23)

    console.log
      2026-10-01 17:56:35.260 [originate] [32minfo[39m: KS-584: healed anchor state written back to document {"documentId":"doc-1754000000000-original"}

      at Console.log (../../../../../../../../../../../../Volumes/DevMASTER/!CODING/Secuura/Blockchain/2_Project_Files/Blockchain/Dev/node_modules/winston/lib/winston/transports/console.js:87:23)

PASS src/__tests__/ks1364-v2-verification-verify-body-required.test.ts
PASS src/__tests__/ks695-erasure-by-external-ref.test.ts (7.88 s)
PASS src/__tests__/ks563-certified-vs-anchored.test.ts (8.084 s)
  ● Console

    console.log
      2026-10-01 17:56:35.983 [originate] [33mwarn[39m: KS-584 stale-anchor confirmation lookup failed; presenting stored state {"error":"chain lookup disabled in test"}

      at Console.log (../../../../../../../../../../../../Volumes/DevMASTER/!CODING/Secuura/Blockchain/2_Project_Files/Blockchain/Dev/node_modules/winston/lib/winston/transports/console.js:87:23)

PASS src/__tests__/gdprService.erasure.test.ts (8.122 s)
PASS src/__tests__/documentRepo.test.ts (8.153 s)
PASS src/__tests__/ks597-issuer-organization-id.test.ts (8.246 s)
PASS src/__tests__/ks1029-gdpr-dsr-update-id-guard.test.ts (8.263 s)
PASS src/__tests__/ks764-admin-api-keys-revoke-route-contract.test.ts (8.295 s)
  ● Console

    console.log
      2026-10-01 17:56:36.198 [originate] [33mwarn[39m: Access denied — insufficient role {"userId":"u4","role":"VIEWER","requiredRoles":["SYSTEM_ADMIN","ORG_ADMIN"],"path":"/api-keys/33333333-3333-4333-8333-333333333333"}

      at Console.log (../../../../../../../../../../../../Volumes/DevMASTER/!CODING/Secuura/Blockchain/2_Project_Files/Blockchain/Dev/node_modules/winston/lib/winston/transports/console.js:87:23)

    console.log
      2026-10-01 17:56:36.254 [originate] [33mwarn[39m: API key revoke refused {"keyId":"33333333-3333-4333-8333-333333333333","keyTenantId":"a0000000-0000-4000-8000-0000000000aa","keyOrganizationId":"22222222-2222-4222-8222-222222222222","callerTenantId":"a0000000-0000-4000-8000-0000000000aa","callerOrganizationId":"11111111-1111-4111-8111-111111111111","callerRole":"ORG_ADMIN","reason":"cross-organisation"}

      at Console.log (../../../../../../../../../../../../Volumes/DevMASTER/!CODING/Secuura/Blockchain/2_Project_Files/Blockchain/Dev/node_modules/winston/lib/winston/transports/console.js:87:23)

    console.log
      2026-10-01 17:56:36.256 [originate] [33mwarn[39m: API key revoke refused {"keyId":"33333333-3333-4333-8333-333333333333","keyTenantId":"a0000000-0000-4000-8000-0000000000aa","keyOrganizationId":"11111111-1111-4111-8111-111111111111","callerTenantId":"a0000000-0000-4000-8000-0000000000aa","callerRole":"ORG_ADMIN","reason":"caller has no organisation"}

      at Console.log (../../../../../../../../../../../../Volumes/DevMASTER/!CODING/Secuura/Blockchain/2_Project_Files/Blockchain/Dev/node_modules/winston/lib/winston/transports/console.js:87:23)

    console.log
      2026-10-01 17:56:36.258 [originate] [33mwarn[39m: API key revoke refused {"keyId":"33333333-3333-4333-8333-333333333333","keyTenantId":"a0000000-0000-4000-8000-0000000000aa","keyOrganizationId":"11111111-1111-4111-8111-111111111111","callerOrganizationId":"11111111-1111-4111-8111-111111111111","callerRole":"ORG_ADMIN","reason":"caller has no tenant"}

      at Console.log (../../../../../../../../../../../../Volumes/DevMASTER/!CODING/Secuura/Blockchain/2_Project_Files/Blockchain/Dev/node_modules/winston/lib/winston/transports/console.js:87:23)

PASS src/__tests__/ks739-transfer-custody-lookup-4xx-mapping.test.ts (8.436 s)
PASS src/__tests__/ks584-verify-row-selection.test.ts (8.416 s)
  ● Console

    console.log
      2026-10-01 17:56:36.331 [originate] [33mwarn[39m: KS-584 stale-anchor confirmation lookup failed; presenting stored state {"error":"chain lookup disabled in test"}

      at Console.log (../../../../../../../../../../../../Volumes/DevMASTER/!CODING/Secuura/Blockchain/2_Project_Files/Blockchain/Dev/node_modules/winston/lib/winston/transports/console.js:87:23)

PASS src/__tests__/ks1103-verify-hash-field.test.ts (8.439 s)
  ● Console

    console.log
      2026-10-01 17:56:36.288 [originate] [33mwarn[39m: Chain-first /verify lookup failed — falling back to DB {"error":"chain lookup disabled in test"}

      at Console.log (../../../../../../../../../../../../Volumes/DevMASTER/!CODING/Secuura/Blockchain/2_Project_Files/Blockchain/Dev/node_modules/winston/lib/winston/transports/console.js:87:23)

    console.log
      2026-10-01 17:56:36.334 [originate] [33mwarn[39m: Chain-first /verify lookup failed — falling back to DB {"error":"chain lookup disabled in test"}

      at Console.log (../../../../../../../../../../../../Volumes/DevMASTER/!CODING/Secuura/Blockchain/2_Project_Files/Blockchain/Dev/node_modules/winston/lib/winston/transports/console.js:87:23)

    console.log
      2026-10-01 17:56:36.344 [originate] [33mwarn[39m: Chain-first /verify lookup failed — falling back to DB {"error":"chain lookup disabled in test"}

      at Console.log (../../../../../../../../../../../../Volumes/DevMASTER/!CODING/Secuura/Blockchain/2_Project_Files/Blockchain/Dev/node_modules/winston/lib/winston/transports/console.js:87:23)

    console.log
      2026-10-01 17:56:36.347 [originate] [33mwarn[39m: Chain-first /verify lookup failed — falling back to DB {"error":"chain lookup disabled in test"}

      at Console.log (../../../../../../../../../../../../Volumes/DevMASTER/!CODING/Secuura/Blockchain/2_Project_Files/Blockchain/Dev/node_modules/winston/lib/winston/transports/console.js:87:23)

    console.log
      2026-10-01 17:56:36.351 [originate] [33mwarn[39m: Chain-first /verify lookup failed — falling back to DB {"error":"chain lookup disabled in test"}

      at Console.log (../../../../../../../../../../../../Volumes/DevMASTER/!CODING/Secuura/Blockchain/2_Project_Files/Blockchain/Dev/node_modules/winston/lib/winston/transports/console.js:87:23)

    console.log
      2026-10-01 17:56:36.352 [originate] [33mwarn[39m: Chain-first /verify lookup failed — falling back to DB {"error":"chain lookup disabled in test"}

      at Console.log (../../../../../../../../../../../../Volumes/DevMASTER/!CODING/Secuura/Blockchain/2_Project_Files/Blockchain/Dev/node_modules/winston/lib/winston/transports/console.js:87:23)

    console.log
      2026-10-01 17:56:36.354 [originate] [33mwarn[39m: Chain-first /verify lookup failed — falling back to DB {"error":"chain lookup disabled in test"}

      at Console.log (../../../../../../../../../../../../Volumes/DevMASTER/!CODING/Secuura/Blockchain/2_Project_Files/Blockchain/Dev/node_modules/winston/lib/winston/transports/console.js:87:23)

    console.log
      2026-10-01 17:56:36.356 [originate] [33mwarn[39m: Chain-first /verify lookup failed — falling back to DB {"error":"chain lookup disabled in test"}

      at Console.log (../../../../../../../../../../../../Volumes/DevMASTER/!CODING/Secuura/Blockchain/2_Project_Files/Blockchain/Dev/node_modules/winston/lib/winston/transports/console.js:87:23)

PASS src/__tests__/ks730c-adminconfig-500-never-answers-err-message.test.ts (8.381 s)
PASS src/__tests__/ks1228-a-refused-request-writes-no-provenance-row.test.ts (8.73 s)
PASS src/__tests__/ks1341c-webhooks-500-never-answers-err-message.test.ts
PASS src/__tests__/ks1213-a-derived-writer-relabel-is-refused.test.ts (8.778 s)
PASS src/__tests__/ks1341b-webhooks-500-never-answers-err-message.test.ts
PASS src/__tests__/ks445-gdpr-write-guards.test.ts
  ● Console

    console.log
      2026-10-01 17:56:36.728 [originate] [31merror[39m: GDPR consent record failed (POST /api/gdpr/consent) {"error":"Failed to record consent"}

      at Console.log (../../../../../../../../../../../../Volumes/DevMASTER/!CODING/Secuura/Blockchain/2_Project_Files/Blockchain/Dev/node_modules/winston/lib/winston/transports/console.js:87:23)

PASS src/__tests__/ks444-certifications-issue-body-types.test.ts
PASS src/__tests__/ks543-certify-boundary-strip.test.ts
PASS src/__tests__/ks520-anchor-fail-closed.test.ts (8.959 s)
PASS src/__tests__/ks445-certifications-issue-unstorable-payload.test.ts
PASS src/__tests__/ks445-webhook-patch-body-guard.test.ts
PASS src/__tests__/ks458-db-tenant-guc.test.ts
PASS src/__tests__/ks566-g1-split.test.ts
PASS src/__tests__/ks978-published-contract-organizationuuid.test.ts (9.035 s)
PASS src/__tests__/ks488-smtp-opt-in.test.ts
  ● Console

    console.log
      [Email] No provider configured — would send to someone@example.test: should not send

      at Object.sendEmail (src/services/email.ts:191:13)

    console.log
      [Email] No provider configured — would send to someone@example.test: should not send either

      at Object.sendEmail (src/services/email.ts:191:13)

PASS src/__tests__/ks549-documents-create-issuer-name-persist.test.ts
PASS src/__tests__/ks445-pg-error-classification.test.ts
PASS src/__tests__/ks1118-verify-documenthash-over-hash.test.ts
  ● Console

    console.log
      2026-10-01 17:56:37.068 [originate] [33mwarn[39m: Chain-first /verify lookup failed — falling back to DB {"error":"chain lookup disabled in test"}

      at Console.log (../../../../../../../../../../../../Volumes/DevMASTER/!CODING/Secuura/Blockchain/2_Project_Files/Blockchain/Dev/node_modules/winston/lib/winston/transports/console.js:87:23)

    console.log
      2026-10-01 17:56:37.091 [originate] [33mwarn[39m: Chain-first /verify lookup failed — falling back to DB {"error":"chain lookup disabled in test"}

      at Console.log (../../../../../../../../../../../../Volumes/DevMASTER/!CODING/Secuura/Blockchain/2_Project_Files/Blockchain/Dev/node_modules/winston/lib/winston/transports/console.js:87:23)

    console.log
      2026-10-01 17:56:37.093 [originate] [33mwarn[39m: Chain-first /verify lookup failed — falling back to DB {"error":"chain lookup disabled in test"}

      at Console.log (../../../../../../../../../../../../Volumes/DevMASTER/!CODING/Secuura/Blockchain/2_Project_Files/Blockchain/Dev/node_modules/winston/lib/winston/transports/console.js:87:23)

    console.log
      2026-10-01 17:56:37.095 [originate] [33mwarn[39m: Chain-first /verify lookup failed — falling back to DB {"error":"chain lookup disabled in test"}

      at Console.log (../../../../../../../../../../../../Volumes/DevMASTER/!CODING/Secuura/Blockchain/2_Project_Files/Blockchain/Dev/node_modules/winston/lib/winston/transports/console.js:87:23)

PASS src/__tests__/lifecyclePayloadCodec.test.ts
PASS src/__tests__/ks1348-production-file-logs-allow-list.test.ts
PASS src/__tests__/ks597-b-caller-scoped-externalref.test.ts (9.223 s)
PASS src/__tests__/ks547-certifications-issue-role-gate.test.ts
PASS src/__tests__/ks466-documents-malformed-id-guard.test.ts
PASS src/__tests__/ks1061-shared-mock-completeness.test.ts
PASS src/__tests__/ks914-deliver-webhook-blocked-vs-failed.test.ts
PASS src/__tests__/ks1264-revoke-records-its-action-provenance-row.test.ts
PASS src/__tests__/ks444-system-errors-body-guard.test.ts
PASS src/__tests__/ks423-contract-alignments.test.ts
PASS src/__tests__/ks1041-provenance-mount-wiring.test.ts
  ● Console

    console.log
      2026-10-01 17:56:37.291 [originate] [32minfo[39m: [gateway-provenance] ACTIVE — identity/tenant/role headers are honoured only on gateway-vouched requests

      at Console.log (../../../../../../../../../../../../Volumes/DevMASTER/!CODING/Secuura/Blockchain/2_Project_Files/Blockchain/Dev/node_modules/winston/lib/winston/transports/console.js:87:23)

    console.log
      2026-10-01 17:56:37.306 [originate] [31merror[39m: certificationRepo: database connection FAILED — certifications will not be available {"error":"Error: Cannot find module '.prisma/client/default' from '../../../../../../../../../../../../Volumes/DevMASTER/!CODING/Secuura/Blockchain/2_Project_Files/Blockchain/Dev/services/originate/node_modules/@prisma/client/default.js'\n\nRequire stack:\n  /Volumes/DevMASTER/!CODING/Secuura/Blockchain/2_Project_Files/Blockchain/Dev/services/originate/node_modules/@prisma/client/default.js\n  src/db.ts\n  src/services/provenance.ts\n  src/routes/certifications.ts\n  src/index.ts\n  src/__tests__/ks1041-provenance-mount-wiring.test.ts\n"}

      at Console.log (../../../../../../../../../../../../Volumes/DevMASTER/!CODING/Secuura/Blockchain/2_Project_Files/Blockchain/Dev/node_modules/winston/lib/winston/transports/console.js:87:23)

    console.log
      2026-10-01 17:56:37.309 [originate] [31merror[39m: Failed to init repo {"error":"Database is required for certification operations"}

      at Console.log (../../../../../../../../../../../../Volumes/DevMASTER/!CODING/Secuura/Blockchain/2_Project_Files/Blockchain/Dev/node_modules/winston/lib/winston/transports/console.js:87:23)

    console.log
      2026-10-01 17:56:37.313 [originate] [31merror[39m: DB write failed for document {"id":"doc-demo-degree-001","error":"Error: Cannot find module '.prisma/client/default' from '../../../../../../../../../../../../Volumes/DevMASTER/!CODING/Secuura/Blockchain/2_Project_Files/Blockchain/Dev/services/originate/node_modules/@prisma/client/default.js'\n\nRequire stack:\n  /Volumes/DevMASTER/!CODING/Secuura/Blockchain/2_Project_Files/Blockchain/Dev/services/originate/node_modules/@prisma/client/default.js\n  src/db.ts\n  src/services/provenance.ts\n  src/routes/certifications.ts\n  src/index.ts\n  src/__tests__/ks1041-provenance-mount-wiring.test.ts\n"}

      at Console.log (../../../../../../../../../../../../Volumes/DevMASTER/!CODING/Secuura/Blockchain/2_Project_Files/Blockchain/Dev/node_modules/winston/lib/winston/transports/console.js:87:23)

    console.log
      2026-10-01 17:56:37.316 [originate] [31merror[39m: Failed to seed demo documents {"error":"Error: Cannot find module '.prisma/client/default' from '../../../../../../../../../../../../Volumes/DevMASTER/!CODING/Secuura/Blockchain/2_Project_Files/Blockchain/Dev/services/originate/node_modules/@prisma/client/default.js'\n\nRequire stack:\n  /Volumes/DevMASTER/!CODING/Secuura/Blockchain/2_Project_Files/Blockchain/Dev/services/originate/node_modules/@prisma/client/default.js\n  src/db.ts\n  src/services/provenance.ts\n  src/routes/certifications.ts\n  src/index.ts\n  src/__tests__/ks1041-provenance-mount-wiring.test.ts\n"}

      at Console.log (../../../../../../../../../../../../Volumes/DevMASTER/!CODING/Secuura/Blockchain/2_Project_Files/Blockchain/Dev/node_modules/winston/lib/winston/transports/console.js:87:23)

PASS src/__tests__/ks697-transfer-custody-holder-existence.test.ts (9.392 s)
PASS src/__tests__/ks1346b-gdpr-fail500-logs-type-and-field-names.test.ts
PASS src/__tests__/ks596-registration-s-supplied-identifiers.test.ts
PASS src/__tests__/ks1346a-systemerrors-fail500-logs-type-and-field-names.test.ts
PASS src/__tests__/ks597-issuer-org-bind.test.ts
PASS src/__tests__/ks1206-admin-api-key-mint-bounds-rate-limit.test.ts
PASS src/__tests__/ks1346c-adminconfig-fail500-logs-type-and-field-names.test.ts
PASS src/__tests__/qa-f4-resolveonbehalfof-org-normalisation.test.ts
PASS src/__tests__/ks1202-a-mismatched-data-documenttype-is-refused.test.ts
PASS src/__tests__/ks444-webhooks-create-description-guard.test.ts
PASS src/__tests__/ks928-the-demo-seed-gate-s-predicate.test.ts
  ● Console

    console.log
      2026-10-01 17:56:37.457 [originate] [33mwarn[39m: Demo-user seeding refused — endpoint not enabled in this environment {"route":"POST /api/admin/seed-demo-users","nodeEnv":"development","allowDefaultSeedPasswords":false,"enableDemoSeed":false,"callerTenantId":null}

      at Console.log (../../../../../../../../../../../../Volumes/DevMASTER/!CODING/Secuura/Blockchain/2_Project_Files/Blockchain/Dev/node_modules/winston/lib/winston/transports/console.js:87:23)

    console.log
      2026-10-01 17:56:37.476 [originate] [33mwarn[39m: Demo-user seeding refused — endpoint not enabled in this environment {"route":"POST /api/admin/seed-demo-users","nodeEnv":"development","allowDefaultSeedPasswords":true,"enableDemoSeed":false,"callerTenantId":null}

      at Console.log (../../../../../../../../../../../../Volumes/DevMASTER/!CODING/Secuura/Blockchain/2_Project_Files/Blockchain/Dev/node_modules/winston/lib/winston/transports/console.js:87:23)

PASS src/__tests__/ks1158-r3-network-carry-second-pin.test.ts
PASS src/__tests__/ks1068-blockchain-blob-type.test.ts
PASS src/__tests__/ks487-b3-demo-seed-gate.test.ts
PASS src/__tests__/ks564-certification-issuer-uuid.test.ts
PASS src/__tests__/ks564-connector-actor-uuid.test.ts
PASS src/__tests__/ks1339-configpinned-names-the-offender-before-the-count.test.ts
PASS src/__tests__/ks1028-step12-throw-does-not-skip-fanout.test.ts
PASS src/__tests__/ks1133-v2-verify-hash-read-first.test.ts
  ● Console

    console.log
      2026-10-01 17:56:37.543 [originate] [33mwarn[39m: v2 verify: chain-fact read failed; matches present stored state {"error":"chain lookup disabled in test"}

      at Console.log (../../../../../../../../../../../../Volumes/DevMASTER/!CODING/Secuura/Blockchain/2_Project_Files/Blockchain/Dev/node_modules/winston/lib/winston/transports/console.js:87:23)

    console.log
      2026-10-01 17:56:37.548 [originate] [33mwarn[39m: v2 verify: chain-fact read failed; matches present stored state {"error":"chain lookup disabled in test"}

      at Console.log (../../../../../../../../../../../../Volumes/DevMASTER/!CODING/Secuura/Blockchain/2_Project_Files/Blockchain/Dev/node_modules/winston/lib/winston/transports/console.js:87:23)

    console.log
      2026-10-01 17:56:37.549 [originate] [33mwarn[39m: v2 verify: chain-fact read failed; matches present stored state {"error":"chain lookup disabled in test"}

      at Console.log (../../../../../../../../../../../../Volumes/DevMASTER/!CODING/Secuura/Blockchain/2_Project_Files/Blockchain/Dev/node_modules/winston/lib/winston/transports/console.js:87:23)

    console.log
      2026-10-01 17:56:37.551 [originate] [33mwarn[39m: v2 verify: chain-fact read failed; matches present stored state {"error":"chain lookup disabled in test"}

      at Console.log (../../../../../../../../../../../../Volumes/DevMASTER/!CODING/Secuura/Blockchain/2_Project_Files/Blockchain/Dev/node_modules/winston/lib/winston/transports/console.js:87:23)

PASS src/__tests__/ks521-terminal-status-not-resurrected.test.ts
PASS src/__tests__/ks1059-sim-leg-must-not-resurrect-a-terminal-document.test.ts
PASS src/__tests__/ks1160-webhooks-post-persists-normalised-url.test.ts
PASS src/__tests__/ks444-gdpr-dsr-update-withdraw-guards.test.ts
PASS src/__tests__/ks584-p3-auth-error-classification.test.ts
PASS src/__tests__/ks1074-every-rebuild-writer-carries-threadtoken.test.ts
PASS src/__tests__/ks754-processed-by-widened.test.ts
PASS src/__tests__/ks1058-anchor-failed-preserves-thread-token.test.ts
PASS src/__tests__/ks431-webhook-id-guard.test.ts
PASS src/__tests__/ks431-gdpr-export-id-guard.test.ts
PASS src/__tests__/ks694-nodeenv-role-gate-bypass.test.ts
PASS src/__tests__/ks1341a-webhooks-500-never-answers-err-message.test.ts
PASS src/__tests__/ks480-provenance.test.ts
PASS src/__tests__/ks780-org-id-is-the-shared-implementation.test.ts
PASS src/__tests__/ks730b-gdpr-500-never-answers-err-message.test.ts
PASS src/__tests__/lifecycleEventRepo.test.ts
PASS src/__tests__/ks794-verify-file-fields-are-published.test.ts
PASS src/__tests__/ks1346d-webhooks-fail500-logs-type-and-field-names.test.ts
PASS src/__tests__/ks587-anchors-honest-simulated.test.ts
PASS src/__tests__/ks444-documents-create-title-guard.test.ts
PASS src/__tests__/ks451-documents-create-nul-title.test.ts

Test Suites: 90 passed, 90 total
Tests:       1062 passed, 1062 total
Snapshots:   0 total
Time:        10.755 s, estimated 15 s
Ran all test suites.
Test results written to: ../../../../../../../../../../../../Volumes/DevMASTER/WEDNESDAY/2_Project_Files/local-model/night/briefs/KS-1364-v2-verify/precheck/out.md.checker/after_suite.json
