FAIL src/__tests__/ks1364-v2-verification-verify-body-required.test.ts
  KS-1364: POST /api/v2/verification/verify publishes a REQUIRED request body
    ✕ RED KS-1364 VV1: POST /api/v2/verification/verify marks its request body required (2 ms)
    ✓ control KS-1364 VC1: the v2 body keeps its schema and the route stays public (security []) (1 ms)
    ✓ control KS-1364 VC2: the v2 request schema keeps every field optional (the handler picks one)
    ✓ control KS-1364 VC3: the v1 POST /api/verification/verify keeps its own request body schema

  ● KS-1364: POST /api/v2/verification/verify publishes a REQUIRED request body › RED KS-1364 VV1: POST /api/v2/verification/verify marks its request body required

    expect(received).toBe(expected) // Object.is equality

    Expected: true
    Received: undefined

      24 | describe('KS-1364: POST /api/v2/verification/verify publishes a REQUIRED request body', () => {
      25 |   it('RED KS-1364 VV1: POST /api/v2/verification/verify marks its request body required', () => {
    > 26 |     expect(operation(V2, 'post')?.requestBody?.required).toBe(true);
         |                                                          ^
      27 |   });
      28 |
      29 |   it('control KS-1364 VC1: the v2 body keeps its schema and the route stays public (security [])', () => {

      at Object.<anonymous> (src/__tests__/ks1364-v2-verification-verify-body-required.test.ts:26:58)

Test Suites: 1 failed, 1 total
Tests:       1 failed, 3 passed, 4 total
Snapshots:   0 total
Time:        1.783 s
Ran all test suites matching /src\/__tests__\/ks1364-v2-verification-verify-body-required.test.ts/i.
Test results written to: ../../../../../../../../../../../../Volumes/DevMASTER/WEDNESDAY/2_Project_Files/local-model/night/briefs/KS-1364-v2-verify/precheck/out.md.checker/red_first.json
