ok   unslotted (VM/CI shape): bootstrap exits 0
ok   unslotted (VM/CI shape): DATABASE_URL port unchanged
ok   unslotted (VM/CI shape): REDIS_URL port unchanged
ok   unslotted (VM/CI shape): stack_env.sh was NOT consulted
ok   slot 1 (SECUURA_STACK_SLOT only): bootstrap exits 0
ok   slot 1 (SECUURA_STACK_SLOT only): DATABASE_URL port = 6432 + 100*(1-1)
ok   slot 1 (SECUURA_STACK_SLOT only): REDIS_URL port = 6379 + 100*(1-1)
ok   slot 2 (SECUURA_STACK_SLOT only): bootstrap exits 0
ok   slot 2 (SECUURA_STACK_SLOT only): DATABASE_URL port = 6432 + 100*(2-1)
ok   slot 2 (SECUURA_STACK_SLOT only): REDIS_URL port = 6379 + 100*(2-1)
ok   slot 3 (SECUURA_STACK_SLOT only): bootstrap exits 0
ok   slot 3 (SECUURA_STACK_SLOT only): DATABASE_URL port = 6432 + 100*(3-1)
ok   slot 3 (SECUURA_STACK_SLOT only): REDIS_URL port = 6379 + 100*(3-1)
ok   slot 4 (SECUURA_STACK_SLOT only): bootstrap exits 0
ok   slot 4 (SECUURA_STACK_SLOT only): DATABASE_URL port = 6432 + 100*(4-1)
ok   slot 4 (SECUURA_STACK_SLOT only): REDIS_URL port = 6379 + 100*(4-1)
ok   STACK_SLOT=1 alias: bootstrap exits 0
ok   STACK_SLOT=1 alias: DATABASE_URL port
ok   STACK_SLOT=1 alias: REDIS_URL port
ok   STACK_SLOT=2 alias: bootstrap exits 0
ok   STACK_SLOT=2 alias: DATABASE_URL port
ok   STACK_SLOT=2 alias: REDIS_URL port
ok   STACK_SLOT=3 alias: bootstrap exits 0
ok   STACK_SLOT=3 alias: DATABASE_URL port
ok   STACK_SLOT=3 alias: REDIS_URL port
ok   STACK_SLOT=4 alias: bootstrap exits 0
ok   STACK_SLOT=4 alias: DATABASE_URL port
ok   STACK_SLOT=4 alias: REDIS_URL port
ok   shell ports for slot 1, no slot named: bootstrap exits 0
ok   shell ports for slot 1, no slot named: DATABASE_URL takes the shell's port over the template's
ok   shell ports for slot 1, no slot named: REDIS_URL takes the shell's port over the template's
ok   shell ports for slot 2, no slot named: bootstrap exits 0
ok   shell ports for slot 2, no slot named: DATABASE_URL takes the shell's port over the template's
ok   shell ports for slot 2, no slot named: REDIS_URL takes the shell's port over the template's
ok   shell ports for slot 3, no slot named: bootstrap exits 0
ok   shell ports for slot 3, no slot named: DATABASE_URL takes the shell's port over the template's
ok   shell ports for slot 3, no slot named: REDIS_URL takes the shell's port over the template's
ok   shell ports for slot 4, no slot named: bootstrap exits 0
ok   shell ports for slot 4, no slot named: DATABASE_URL takes the shell's port over the template's
ok   shell ports for slot 4, no slot named: REDIS_URL takes the shell's port over the template's
ok   F-731-03: bootstrap exits 0
ok   F-731-03: edited .env port wins when the shell is unset
ok   F-731-03: edited .env Redis port wins when shell is unset
ok   existing clone: fixture has the sentinel port before the run
ok   existing clone: bootstrap exits 0 under SECUURA_STACK_SLOT=3
ok   existing clone: DATABASE_URL untouched
ok   existing clone: REDIS_URL untouched
ok   existing clone: exactly one DATABASE_URL line
ok   bad slot: bootstrap exits non-zero
ok   bad slot: names the slot in its output
ok   bad slot: no DATABASE_URL was generated

bootstrap_env_slot_ports: 51 passed, 0 failed

