mode: code_patch
diff_blocks=1 all_blocks=1 prose_outside_chars=0
wrote /Volumes/DevMASTER/WEDNESDAY/2_Project_Files/local-model/runs/2026-09-15_ks1165-ornith35b-night/out.md.checker/patch.diff lines=129
PASS A1 output is exactly one fenced ```diff block, nothing outside it
clone clean at pinned tip 48e65c43517926da6f137993053c82c83e122f5d
--- baseline at the untouched tip (whole services/api-gateway suite + tsc)
baseline suite rc=0 total=355 passed=355 failed=0 suites_failed=0 loaded=1 failed_names=[]
baseline tsc rc=0 (0 lines)
section 1 services/api-gateway/src/middleware/csrf.ts: hunk 1 (@@ -95,6 +95,8 @@ const DEFAULT_CONFIG: CsrfConfig = {) declared old=6 new=8 but actual old=5 new=7
section 2 services/api-gateway/src/__tests__/ks1165-api-gateway-csrf-excludedpaths-carries-no.test.ts: hunk 1 (@@ -0,0 +1,101 @@) declared old=0 new=101 but actual old=0 new=116
sections=2 miscounted_sections=2
section 1 services/api-gateway/src/middleware/csrf.ts: path lacks Blockchain/Dev/ — applying with --directory=Blockchain/Dev
section 1 services/api-gateway/src/middleware/csrf.ts: applies ONLY with --recount --ignore-whitespace (miscounted hunks=1, strict rc=128)
section 2 services/api-gateway/src/__tests__/ks1165-api-gateway-csrf-excludedpaths-carries-no.test.ts: path lacks Blockchain/Dev/ — applying with --directory=Blockchain/Dev
section 2 services/api-gateway/src/__tests__/ks1165-api-gateway-csrf-excludedpaths-carries-no.test.ts: applies ONLY with --recount --ignore-whitespace (miscounted hunks=1, strict rc=0)
PASS A2 diff applies at the tip — with an accommodation: [services/api-gateway/src/middleware/csrf.ts: --recount --ignore-whitespace needed; miscounted hunks=1; strict rc=128] [services/api-gateway/src/__tests__/ks1165-api-gateway-csrf-excludedpaths-carries-no.test.ts: --recount --ignore-whitespace needed; miscounted hunks=1; strict rc=0]
touched files (2): Blockchain/Dev/services/api-gateway/src/__tests__/ks1165-api-gateway-csrf-excludedpaths-carries-no.test.ts Blockchain/Dev/services/api-gateway/src/middleware/csrf.ts  (+118/-0)
PASS A3 touched-file set == { Blockchain/Dev/services/api-gateway/src/middleware/csrf.ts , Blockchain/Dev/services/api-gateway/src/__tests__/ks1165-api-gateway-csrf-excludedpaths-carries-no.test.ts }
A3b: no must_change sites in the input — skipped
test-only at tip: rc=1 total=3 passed=1 failed=2 suites_failed=2 loaded=1 failed_names=['KS-1165 — v2 verification paths are excluded from CSRF 🔴 KS-1165 — POST /api/v2/verification/verify-file with a cookie is excluded from CSRF', 'KS-1165 — v2 verification paths are excluded from CSRF 🔴 KS-1165 — POST /api/v2/verification/verify with a cookie is excluded from CSRF']
PASS A4 RED-FIRST: src/__tests__/ks1165-api-gateway-csrf-excludedpaths-carries-no.test.ts fails at the untouched tip (2 failed / 3 run; controls green; assertion reds)
test after product hunk: rc=0 total=3 passed=3 failed=0 suites_failed=0 loaded=1 failed_names=[]
PASS A5 GREEN-AFTER: src/__tests__/ks1165-api-gateway-csrf-excludedpaths-carries-no.test.ts passes with the product hunk (3 passed / 3 run)
INFO control cell present: 1 cell(s) passed BEFORE and 3 AFTER (the harness reaches the code both times)
after suite rc=0 total=358 passed=358 failed=0 suites_failed=0 loaded=1 failed_names=[]
baseline: total=355 failed=0 | after: total=358 failed=0
develop's own reds (attributed, not counted): []
NEW reds: []
reds fixed by the patch: []
tests added: 3
PASS A6 whole services/api-gateway suite: no NEW red vs the untouched tip
PASS A7 tsc --noEmit for services/api-gateway: rc 0 after the patch (baseline rc=0)
INFO tsc on the test file alone: rc=2 (12 lines; not gated — vitest does not type-check and the service tsconfig excludes __tests__)
SUMMARY files=2 +118/-0 test=src/__tests__/ks1165-api-gateway-csrf-excludedpaths-carries-no.test.ts red_first=yes apply_mode=lenient
RESULT: PASS (7/7)
