MATCH    missing--pr                    rc 9 (want 9) | REFUSING: a REQUIRED argument is missing (PR)
MATCH    missing--head                  rc 9 (want 9) | REFUSING: a REQUIRED argument is missing (HD)
MATCH    missing--branch                rc 9 (want 9) | REFUSING: a REQUIRED argument is missing (BR)
MATCH    missing--base                  rc 9 (want 9) | REFUSING: a REQUIRED argument is missing (BASE)
MATCH    missing--parents-n             rc 9 (want 9) | REFUSING: a REQUIRED argument is missing (NPAR)
MATCH    missing--end-tree              rc 9 (want 9) | REFUSING: a REQUIRED argument is missing (TREE)
MATCH    missing--develop               rc 9 (want 9) | REFUSING: a REQUIRED argument is missing (DEV)
MATCH    wrong--pr                      rc 11 (want 11) | REFUSING: WRONG VALUE --pr '1406' != kit.json pr.pr '1435' — the kit's figures are for that value; re-draft
MATCH    wrong--head                    rc 11 (want 11) | REFUSING: WRONG VALUE --head '4a400d7aa9dd273d91fb62375cb4b0598aa4405f' != kit.json pr.head_expected '6f4adfe8835ec8ece51653f3f758d6a55ce123
MATCH    wrong--branch                  rc 11 (want 11) | REFUSING: WRONG VALUE --branch 'feature/ks-1437-advisory-lock-refresh-g3-1' != kit.json pr.branch 'feature/ks-1452-handlebars-lock-refresh-v
MATCH    wrong--base                    rc 11 (want 11) | REFUSING: WRONG VALUE --base 'b39051390ff6f252601d6f7b45f0ea6c21c31023' != kit.json pr.parents.0 '1e7f90e261379e58eadc3ca0bbcc8d7e9e6938b0' 
MATCH    wrong--parents-n               rc 11 (want 11) | REFUSING: WRONG VALUE --parents-n '2' != kit.json pr.parent_count '1' — the kit's figures are for that value; re-draft
MATCH    wrong--end-tree                rc 11 (want 11) | REFUSING: WRONG VALUE --end-tree '85820a21f80c02d542ca1cf62e194750f2779c28' != kit.json pr.end_tree 'ccbb76460ad630ab9fdb74b31dfc16502eee94a
MATCH    wrong--develop                 rc 11 (want 11) | REFUSING: WRONG VALUE --develop 'b39051390ff6f252601d6f7b45f0ea6c21c31023' != kit.json develop_at_draft '1e7f90e261379e58eadc3ca0bbcc8d7e9e6
MATCH    short--head                    rc 9 (want 9) | REFUSING: HD must be the FULL 40-hex sha, got '6f4adfe8835e'
MATCH    noapi-real-launch              rc 9 (want 9) | REFUSING: --no-api is a dry-run option only (a real launch reads the PR API)
MATCH    stale-repin-develop            rc 10 (want 10) | REFUSING TO LAUNCH: --repin-develop 4a400d7aa9dd273d91fb62375cb4b0598aa4405f is not origin develop 1e7f90e261379e58eadc3ca0bbcc8d7e9e6938b0 
MATCH    lsfile-headmoved               rc 11 (want 11) | REFUSING TO LAUNCH: origin pull/head '1e7f90e261379e58eadc3ca0bbcc8d7e9e6938b0' / branch '6f4adfe8835ec8ece51653f3f758d6a55ce12348' != --hea
MATCH    lsfile-branchmoved             rc 11 (want 11) | REFUSING TO LAUNCH: origin pull/head '6f4adfe8835ec8ece51653f3f758d6a55ce12348' / branch '1e7f90e261379e58eadc3ca0bbcc8d7e9e6938b0' != --hea
MATCH    lsfile-dev-not-descendant      rc 13 (want 13) | REFUSING TO LAUNCH: C1 FAILED at the head (2 FAIL line(s), c1 rc 1)
MATCH    lsfile-dev-touches-tooling     rc 13 (want 13) | REFUSING TO LAUNCH: C1 FAILED at the head (2 FAIL line(s), c1 rc 1)
MATCH    lsfile-dev-is-the-head         rc 13 (want 13) | REFUSING TO LAUNCH: C1 FAILED at the head (1 FAIL line(s), c1 rc 1)
MATCH    lsfile-dev-sim-clean-no-repin  rc 10 (want 10) | REFUSING TO LAUNCH: develop moved (c1 P12 says it touched none of the PR's paths / tooling). To re-pin and launch over it, re-run with:  --r
MATCH    lsfile-dev-sim-clean-stale-repin rc 10 (want 10) | REFUSING TO LAUNCH: --repin-develop 2f3fd22b580f866a10588d8b8d2bf52f68221ee5 is not origin develop 4765edf5d91901afdf5cf870cf7f2da04fa028f1 
MATCH    lsfile-dev-sim-clean-repinned  rc 0 (want 0) | DRY RUN COMPLETE 2026-10-09T01:03:02Z — #1435 6f4adfe8835ec8ece51653f3f758d6a55ce12348, develop 4765edf5d91901afdf5cf870cf7f2da04fa028f1; th
MATCH    lsfile-in-real-launch          rc 16 (want 16) | REFUSING: G78_LSFILE is a dry-run control only
REPIN ARMS: 26 MATCH, 0 MISMATCH
