mode: code_patch
diff_blocks=1 all_blocks=1 prose_outside_chars=0
wrote /Volumes/DevMASTER/WEDNESDAY/2_Project_Files/local-model/runs/2026-09-15_ks844-ornith35b-q8_0-night/out.md.checker/patch.diff lines=128
PASS A1 output is exactly one fenced ```diff block, nothing outside it
clone clean at pinned tip 48e65c43517926da6f137993053c82c83e122f5d
--- baseline at the untouched tip (whole services/demo-service suite + tsc)
baseline suite rc=0 total=69 passed=69 failed=0 suites_failed=0 loaded=1 failed_names=[]
baseline tsc rc=0 (0 lines)
section 1 Blockchain/Dev/services/demo-service/src/app.ts: hunk 1 (@@ -10,7 +10,7 @@) declared old=7 new=7 but actual old=8 new=8
section 1 Blockchain/Dev/services/demo-service/src/app.ts: hunk 2 (@@ -81,6 +81,17 @@ app.use((_req: Request, res: Response) => {) declared old=6 new=17 but actual old=6 new=16
section 2 Blockchain/Dev/services/demo-service/src/__tests__/ks844-demo-service-mounts-no-error-handler.test.ts: hunk 1 (@@ -0,0 +1,100 @@) declared old=0 new=100 but actual old=0 new=96
sections=2 miscounted_sections=2
section 1 Blockchain/Dev/services/demo-service/src/app.ts: applies ONLY FUZZY (-C1): Context reduced to (2/2) to apply fragment at 11
section 2 Blockchain/Dev/services/demo-service/src/__tests__/ks844-demo-service-mounts-no-error-handler.test.ts: applies ONLY with --recount --ignore-whitespace (miscounted hunks=1, strict rc=128)
PASS A2 diff applies at the tip — with an accommodation: [Blockchain/Dev/services/demo-service/src/app.ts: FUZZY — applies only with -C1 (one context line): Context reduced to (2/2) to apply fragment at 11 ; strict rc=128 lenient rc=1] [Blockchain/Dev/services/demo-service/src/__tests__/ks844-demo-service-mounts-no-error-handler.test.ts: --recount --ignore-whitespace needed; miscounted hunks=1; strict rc=128]
touched files (2): Blockchain/Dev/services/demo-service/src/__tests__/ks844-demo-service-mounts-no-error-handler.test.ts Blockchain/Dev/services/demo-service/src/app.ts  (+107/-1)
PASS A3 touched-file set == { Blockchain/Dev/services/demo-service/src/app.ts , Blockchain/Dev/services/demo-service/src/__tests__/ks844-demo-service-mounts-no-error-handler.test.ts }
PASS A3b every must_change site the ticket names is changed by the product hunk (1 site(s))
test-only at tip: rc=1 total=3 passed=1 failed=2 suites_failed=2 loaded=1 failed_names=['KS-844: demo-service mounts an error handler that answers JSON (not HTML) 🔴 KS-844 — an unparseable JSON body answers JSON 400, not an HTML page', 'KS-844: demo-service mounts an error handler that answers JSON (not HTML) 🔴 KS-844 — the response never carries a stack trace or an absolute path']
PASS A4 RED-FIRST: src/__tests__/ks844-demo-service-mounts-no-error-handler.test.ts fails at the untouched tip (2 failed / 3 run; controls green; assertion reds)
test after product hunk: rc=0 total=3 passed=3 failed=0 suites_failed=0 loaded=1 failed_names=[]
PASS A5 GREEN-AFTER: src/__tests__/ks844-demo-service-mounts-no-error-handler.test.ts passes with the product hunk (3 passed / 3 run)
INFO control cell present: 1 cell(s) passed BEFORE and 3 AFTER (the harness reaches the code both times)
after suite rc=0 total=72 passed=72 failed=0 suites_failed=0 loaded=1 failed_names=[]
baseline: total=69 failed=0 | after: total=72 failed=0
develop's own reds (attributed, not counted): []
NEW reds: []
reds fixed by the patch: []
tests added: 3
PASS A6 whole services/demo-service suite: no NEW red vs the untouched tip
PASS A7 tsc --noEmit for services/demo-service: rc 0 after the patch (baseline rc=0)
INFO tsc on the test file alone: rc=0 (0 lines; not gated — vitest does not type-check and the service tsconfig excludes __tests__)
SUMMARY files=2 +107/-1 test=src/__tests__/ks844-demo-service-mounts-no-error-handler.test.ts red_first=yes apply_mode=lenient
RESULT: PASS (7/7)
