mode: code_patch
diff_blocks=1 all_blocks=1 prose_outside_chars=0
wrote /Volumes/DevMASTER/WEDNESDAY/2_Project_Files/local-model/night/briefs/KS-1364-m365/precheck/out.md.checker/patch.diff lines=90
PASS A1 output is exactly one fenced ```diff block, nothing outside it
clone clean at pinned tip 723dc0722b68482a03de8577fdb5eb5b3359e725
runner: vitest
--- baseline at the untouched tip (whole services/m365-integration suite + tsc)
baseline suite rc=0 total=47 passed=47 failed=0 suites_failed=0 loaded=1 failed_names=[]
baseline tsc rc=0 (0 lines)
sections=2 miscounted_sections=0
section 1 Blockchain/Dev/services/m365-integration/src/m365-integration.openapi.ts: applies (strict)
section 2 Blockchain/Dev/services/m365-integration/src/__tests__/ks1364-m365-sites-sync-verifyhash-body-required.test.ts: applies (strict)
PASS A2 diff applies at the tip (strict git apply --check, every section, hunk headers consistent)
touched files (2): Blockchain/Dev/services/m365-integration/src/__tests__/ks1364-m365-sites-sync-verifyhash-body-required.test.ts Blockchain/Dev/services/m365-integration/src/m365-integration.openapi.ts  (+61/-3)
PASS A3 touched-file set == { Blockchain/Dev/services/m365-integration/src/m365-integration.openapi.ts , Blockchain/Dev/services/m365-integration/src/__tests__/ks1364-m365-sites-sync-verifyhash-body-required.test.ts }
PASS A3b every must_change site the ticket names is changed by the product hunk (3 site(s))
A3c: measuring the product + test sections together (the test file is in the diff)
PASS A3c every '+' line the brief adds is in the product hunk (3 line(s)), and no tip line is re-added as a '+' (A3d)
A3i: every '+' line the brief adds is in the applied Blockchain/Dev/services/m365-integration/src/m365-integration.openapi.ts byte-exact incl. leading whitespace (apply mode strict): OK 3 line(s) byte-exact incl. leading whitespace (of 3; 3 line(s) added by the apply)
test-only at tip: rc=1 total=6 passed=3 failed=3 suites_failed=2 loaded=1 failed_names=['KS-1364: three m365 POSTs publish a REQUIRED request body RED KS-1364 MS1: POST /api/m365/sites marks its request body required', 'KS-1364: three m365 POSTs publish a REQUIRED request body RED KS-1364 MS2: POST /api/m365/documents/sync marks its request body required', 'KS-1364: three m365 POSTs publish a REQUIRED request body RED KS-1364 MS3: POST /api/m365/outlook/verify-hash marks its request body required']
A4 declared red cell(s) (brief ## Red cells, assertion red): RED KS-1364 MS1: POST /api/m365/sites marks its request body | RED KS-1364 MS2: POST /api/m365/documents/sync marks its req | RED KS-1364 MS3: POST /api/m365/outlook/verify-hash marks it
PASS A4 RED-FIRST: src/__tests__/ks1364-m365-sites-sync-verifyhash-body-required.test.ts fails at the untouched tip (3 failed / 6 run; controls green; assertion reds)
test after product hunk: rc=0 total=6 passed=6 failed=0 suites_failed=0 loaded=1 failed_names=[]
PASS A5 GREEN-AFTER: src/__tests__/ks1364-m365-sites-sync-verifyhash-body-required.test.ts passes with the product hunk (6 passed / 6 run)
INFO control cell present: 3 cell(s) passed BEFORE and 6 AFTER (the harness reaches the code both times)
after suite rc=0 total=53 passed=53 failed=0 suites_failed=0 loaded=1 failed_names=[]
baseline: total=47 failed=0 | after: total=53 failed=0
develop's own reds (attributed, not counted): []
NEW reds: []
reds fixed by the patch: []
tests added: 6
PASS A6 whole services/m365-integration suite: no NEW red vs the untouched tip
PASS A7 tsc --noEmit for services/m365-integration: rc 0 after the patch (baseline rc=0)
INFO tsc on the test file alone (--types node,vitest/globals): rc=0 (0 lines; not gated — the runner does not type-check and the service tsconfig excludes __tests__)
SUMMARY files=2 +61/-3 test=src/__tests__/ks1364-m365-sites-sync-verifyhash-body-required.test.ts red_first=yes apply_mode=strict
RESULT: PASS (7/7)
PASS A2a ANCHOR: every hunk's old side sits at its header's start line at the tip (SUMMARY hunks=3 ok=3 bad=0 skipped_newfile=1)
SPARK RESULT: PASS (checker rc 0 + A2a anchor OK)
