diff_blocks=1 all_blocks=1 prose_outside_chars=0
wrote /Volumes/DevMASTER/WEDNESDAY/2_Project_Files/local-model/runs/2026-09-15_ks1050-ornith35b-night/out.md.checker/patch.diff lines=158
PASS A1 output is exactly one fenced ```diff block, nothing outside it
clone clean at pinned tip 48e65c43517926da6f137993053c82c83e122f5d
--- baseline at the untouched tip (whole services/auth suite + tsc)
baseline suite rc=0 total=734 passed=734 failed=0 suites_failed=0 loaded=1 failed_names=[]
baseline tsc rc=0 (0 lines)
section 1 services/auth/src/routes/users.ts: hunk 1 (@@ -13,7 +13,7 @@ import { authenticate, authenticateAccessOrConnector } from '../middleware/authen) declared old=7 new=7 but actual old=5 new=5
section 1 services/auth/src/routes/users.ts: hunk 2 (@@ -931,6 +931,10 @@ userRoutes.patch('/me', authenticate(), async (req: AuthenticatedRequest, res: R) declared old=6 new=10 but actual old=5 new=9
sections=2 miscounted_sections=1
section 1 services/auth/src/routes/users.ts: path lacks Blockchain/Dev/ — applying with --directory=Blockchain/Dev
section 1 services/auth/src/routes/users.ts: applies ONLY FUZZY (-C1): Context reduced to (1/1) to apply fragment at 15
section 2 services/auth/src/__tests__/ks1050-users-ts-933-answers-success-true.test.ts: path lacks Blockchain/Dev/ — applying with --directory=Blockchain/Dev
section 2 services/auth/src/__tests__/ks1050-users-ts-933-answers-success-true.test.ts: applies (strict)
PASS A2 diff applies at the tip — with an accommodation: [services/auth/src/routes/users.ts: FUZZY — applies only with -C1 (one context line): Context reduced to (1/1) to apply fragment at 15 ; strict rc=128 lenient rc=1]
touched files (2): Blockchain/Dev/services/auth/src/__tests__/ks1050-users-ts-933-answers-success-true.test.ts Blockchain/Dev/services/auth/src/routes/users.ts  (+141/-1)
PASS A3 touched-file set == { Blockchain/Dev/services/auth/src/routes/users.ts , Blockchain/Dev/services/auth/src/__tests__/ks1050-users-ts-933-answers-success-true.test.ts }
PASS A3b every must_change site the ticket names is changed by the product hunk (1 site(s))
test-only at tip: rc=1 total=0 passed=0 failed=0 suites_failed=1 loaded=0 failed_names=["<LOAD ERROR> ks1050-users-ts-933-answers-success-true.test.ts: Cannot access 'SEED_USER_ID' before initialization"]
FAIL A4 RED-FIRST: the test file did not run any test at the tip (load/compile error, not a red) — JSON report written to /Volumes/DevMASTER/WEDNESDAY/2_Project_Files/local-model/runs/2026-09-15_ks1050-ornith35b-night/out.md.checker/red_first.json 
test after product hunk: rc=1 total=0 passed=0 failed=0 suites_failed=1 loaded=0 failed_names=["<LOAD ERROR> ks1050-users-ts-933-answers-success-true.test.ts: Cannot access 'SEED_USER_ID' before initialization"]
FAIL A5 GREEN-AFTER: src/__tests__/ks1050-users-ts-933-answers-success-true.test.ts still red (or empty) after the product hunk (rc=1, 0 failed / 0 run): ["<LOAD
INFO control cell present: NO (0 passed before, 0 after) — the task asked for one; not gated
after suite rc=1 total=734 passed=734 failed=0 suites_failed=1 loaded=1 failed_names=["<LOAD ERROR> ks1050-users-ts-933-answers-success-true.test.ts: Cannot access 'SEED_USER_ID' before initialization"]
baseline: total=734 failed=0 | after: total=734 failed=0
develop's own reds (attributed, not counted): []
NEW reds: [('ks1050-users-ts-933-answers-success-true.test.ts', '<LOAD ERROR>')]
reds fixed by the patch: []
tests added: 0
FAIL A6 whole services/auth suite: NEW red(s) vs the untouched tip (see suite_delta.out)
PASS A7 tsc --noEmit for services/auth: rc 0 after the patch (baseline rc=0)
INFO tsc on the test file alone: rc=2 (2 lines; not gated — vitest does not type-check and the service tsconfig excludes __tests__)
SUMMARY files=2 +141/-1 test=src/__tests__/ks1050-users-ts-933-answers-success-true.test.ts red_first=no apply_mode=fuzzy
RESULT: FAIL (3 failed)
