mode: code_patch
diff_blocks=1 all_blocks=1 prose_outside_chars=0
wrote /Volumes/DevMASTER/WEDNESDAY/2_Project_Files/local-model/night/briefs/KS-1015-envelope/precheck/out.md.checker/patch.diff lines=110
PASS A1 output is exactly one fenced ```diff block, nothing outside it
clone clean at pinned tip 37205947ddd2775a72a417beb5b7ac8e3240fbf3
runner: vitest
--- baseline at the untouched tip (whole services/referral suite + tsc)
baseline suite rc=0 total=28 passed=28 failed=0 suites_failed=0 loaded=1 failed_names=[]
baseline tsc rc=0 (0 lines)
sections=2 miscounted_sections=0
section 1 Blockchain/Dev/services/referral/src/referral.openapi.ts: applies (strict)
section 2 Blockchain/Dev/services/referral/src/__tests__/ks1015-referral-lookup-spec-declares-envelope.test.ts: applies (strict)
PASS A2 diff applies at the tip (strict git apply --check, every section, hunk headers consistent)
touched files (2): Blockchain/Dev/services/referral/src/__tests__/ks1015-referral-lookup-spec-declares-envelope.test.ts Blockchain/Dev/services/referral/src/referral.openapi.ts  (+97/-1)
PASS A3 touched-file set == { Blockchain/Dev/services/referral/src/referral.openapi.ts , Blockchain/Dev/services/referral/src/__tests__/ks1015-referral-lookup-spec-declares-envelope.test.ts }
PASS A3b every must_change site the ticket names is changed by the product hunk (1 site(s))
A3c: measuring the product + test sections together (the test file is in the diff)
PASS A3c every '+' line the brief adds is in the product hunk (21 line(s)), and no tip line is re-added as a '+' (A3d)
A3i: every '+' line the brief adds is in the applied Blockchain/Dev/services/referral/src/referral.openapi.ts byte-exact incl. leading whitespace (apply mode strict): OK 21 line(s) byte-exact incl. leading whitespace (of 21; 21 line(s) added by the apply)
test-only at tip: rc=1 total=6 passed=3 failed=3 suites_failed=2 loaded=1 failed_names=['KS-1015: GET /api/referrals/{code} publishes the envelope its handler returns RED KS-1015 A1: the 200 body is the success/data envelope, not the flat ReferralCode record', 'KS-1015: GET /api/referrals/{code} publishes the envelope its handler returns RED KS-1015 A2: data declares the six fields the handler sends, customLabel optional, no id or ownerUserId', 'KS-1015: GET /api/referrals/{code} publishes the envelope its handler returns RED KS-1015 A3: the data fields carry the runtime types']
A4 declared red cell(s) (brief ## Red cells, assertion red): RED KS-1015 A1: the 200 body is the success/data envelope, n | RED KS-1015 A2: data declares the six fields the handler sen | RED KS-1015 A3: the data fields carry the runtime types
PASS A4 RED-FIRST: src/__tests__/ks1015-referral-lookup-spec-declares-envelope.test.ts fails at the untouched tip (3 failed / 6 run; controls green; assertion reds)
test after product hunk: rc=0 total=6 passed=6 failed=0 suites_failed=0 loaded=1 failed_names=[]
PASS A5 GREEN-AFTER: src/__tests__/ks1015-referral-lookup-spec-declares-envelope.test.ts passes with the product hunk (6 passed / 6 run)
INFO control cell present: 3 cell(s) passed BEFORE and 6 AFTER (the harness reaches the code both times)
after suite rc=0 total=34 passed=34 failed=0 suites_failed=0 loaded=1 failed_names=[]
baseline: total=28 failed=0 | after: total=34 failed=0
develop's own reds (attributed, not counted): []
NEW reds: []
reds fixed by the patch: []
tests added: 6
PASS A6 whole services/referral suite: no NEW red vs the untouched tip
PASS A7 tsc --noEmit for services/referral: rc 0 after the patch (baseline rc=0)
INFO tsc test-file types: could not tell services/referral's test runner (jest:[jest, ts-jest] vitest:[vitest.config.ts, scripts.test=vitest, vitest]) — kept the old default --types node,vitest/globals
INFO tsc on the test file alone (--types node,vitest/globals): rc=0 (0 lines; not gated — the runner does not type-check and the service tsconfig excludes __tests__)
SUMMARY files=2 +97/-1 test=src/__tests__/ks1015-referral-lookup-spec-declares-envelope.test.ts red_first=yes apply_mode=strict
RESULT: PASS (7/7)
PASS A2a ANCHOR: every hunk's old side sits at its header's start line at the tip (SUMMARY hunks=1 ok=1 bad=0 skipped_newfile=1)
SPARK RESULT: PASS (checker rc 0 + A2a anchor OK)
