mode: code_patch
diff_blocks=1 all_blocks=1 prose_outside_chars=0
wrote /Volumes/DevMASTER/WEDNESDAY/2_Project_Files/local-model/night/briefs/KS-1345-list/precheck/negative_out.md.checker/patch.diff lines=74
PASS A1 output is exactly one fenced ```diff block, nothing outside it
clone clean at pinned tip 2d85b84e1012961c880daa3de70d8491fc0a2ff9
runner: jest
--- baseline at the untouched tip (whole services/originate suite + tsc)
baseline suite rc=0 total=1062 passed=1062 failed=0 suites_failed=0 loaded=1 failed_names=[]
baseline tsc rc=0 (0 lines)
sections=2 miscounted_sections=0
section 1 Blockchain/Dev/services/originate/src/routes/webhooks.ts: applies (strict)
section 2 Blockchain/Dev/services/originate/src/__tests__/ks1341a-webhooks-500-never-answers-err-message.test.ts: applies (strict)
PASS A2 diff applies at the tip (strict git apply --check, every section, hunk headers consistent)
touched files (2): Blockchain/Dev/services/originate/src/__tests__/ks1341a-webhooks-500-never-answers-err-message.test.ts Blockchain/Dev/services/originate/src/routes/webhooks.ts  (+28/-13)
PASS A3 touched-file set == { Blockchain/Dev/services/originate/src/routes/webhooks.ts , Blockchain/Dev/services/originate/src/__tests__/ks1341a-webhooks-500-never-answers-err-message.test.ts }
PASS A3b every must_change site the ticket names is changed by the product hunk (2 site(s))
A3c: measuring the product + test sections together (the test file is in the diff)
FAIL A3c INCOMPLETE — 1 of 4 line(s) the brief adds are ABSENT from the product hunk: `;
RESULT: FAIL (1 failed) — stopped at A3c (a dropped addition; the tests are not run)
PASS A2a ANCHOR: every hunk's old side sits at its header's start line at the tip (SUMMARY hunks=3 ok=3 bad=0 skipped_newfile=0)
SPARK RESULT: FAIL (checker rc=1; A2a rc=0)
