mode: code_patch
diff_blocks=1 all_blocks=1 prose_outside_chars=0
wrote /Volumes/DevMASTER/WEDNESDAY/2_Project_Files/local-model/night/briefs/KS-1345-list/precheck/out.md.checker/patch.diff lines=74
PASS A1 output is exactly one fenced ```diff block, nothing outside it
clone clean at pinned tip 2d85b84e1012961c880daa3de70d8491fc0a2ff9
runner: jest
--- baseline at the untouched tip (whole services/originate suite + tsc)
baseline suite rc=0 total=1062 passed=1062 failed=0 suites_failed=0 loaded=1 failed_names=[]
baseline tsc rc=0 (0 lines)
sections=2 miscounted_sections=0
section 1 Blockchain/Dev/services/originate/src/routes/webhooks.ts: applies (strict)
section 2 Blockchain/Dev/services/originate/src/__tests__/ks1341a-webhooks-500-never-answers-err-message.test.ts: applies (strict)
PASS A2 diff applies at the tip (strict git apply --check, every section, hunk headers consistent)
touched files (2): Blockchain/Dev/services/originate/src/__tests__/ks1341a-webhooks-500-never-answers-err-message.test.ts Blockchain/Dev/services/originate/src/routes/webhooks.ts  (+28/-13)
PASS A3 touched-file set == { Blockchain/Dev/services/originate/src/routes/webhooks.ts , Blockchain/Dev/services/originate/src/__tests__/ks1341a-webhooks-500-never-answers-err-message.test.ts }
PASS A3b every must_change site the ticket names is changed by the product hunk (2 site(s))
A3c: measuring the product + test sections together (the test file is in the diff)
PASS A3c every '+' line the brief adds is in the product hunk (4 line(s)), and no tip line is re-added as a '+' (A3d)
A3i: every '+' line the brief adds is in the applied Blockchain/Dev/services/originate/src/routes/webhooks.ts byte-exact incl. leading whitespace (apply mode strict): OK 4 line(s) byte-exact incl. leading whitespace (of 4; 4 line(s) added by the apply)
test-only at tip: rc=1 total=9 passed=8 failed=1 suites_failed=1 loaded=1 failed_names=['KS-1341 part A: GET / and POST / never answer a 500 with the thrown text RED KS-1345 A0: a REJECTED list query reaches the catch: a constant 500, logged once, never a 200 []']
A4 declared red cell(s) (brief ## Red cells, assertion red): RED KS-1345 A0: a REJECTED list query reaches the catch: a c
PASS A4 RED-FIRST: src/__tests__/ks1341a-webhooks-500-never-answers-err-message.test.ts fails at the untouched tip (1 failed / 9 run; controls green; assertion reds)
test after product hunk: rc=0 total=9 passed=9 failed=0 suites_failed=0 loaded=1 failed_names=[]
PASS A5 GREEN-AFTER: src/__tests__/ks1341a-webhooks-500-never-answers-err-message.test.ts passes with the product hunk (9 passed / 9 run)
INFO control cell present: 8 cell(s) passed BEFORE and 9 AFTER (the harness reaches the code both times)
after suite rc=0 total=1063 passed=1063 failed=0 suites_failed=0 loaded=1 failed_names=[]
baseline: total=1062 failed=0 | after: total=1063 failed=0
develop's own reds (attributed, not counted): []
NEW reds: []
reds fixed by the patch: []
tests added: 1
PASS A6 whole services/originate suite: no NEW red vs the untouched tip
PASS A7 tsc --noEmit for services/originate: rc 0 after the patch (baseline rc=0)
INFO tsc on the test file alone (--types node,jest): rc=0 (0 lines; not gated — the runner does not type-check and the service tsconfig excludes __tests__)
SUMMARY files=2 +28/-13 test=src/__tests__/ks1341a-webhooks-500-never-answers-err-message.test.ts red_first=yes apply_mode=strict
RESULT: PASS (7/7)
PASS A2a ANCHOR: every hunk's old side sits at its header's start line at the tip (SUMMARY hunks=3 ok=3 bad=0 skipped_newfile=0)
SPARK RESULT: PASS (checker rc 0 + A2a anchor OK)
